Command line invocation:
    /Applications/Xcode.app/Contents/Developer/usr/bin/xcodebuild -project TermSnap.xcodeproj -scheme TermSnap -configuration Release build

--- xcodebuild: WARNING: Using the first of multiple matching destinations:
{ platform:macOS, arch:arm64, id:00008112-0001090E1E7BA01E, name:My Mac }
{ platform:macOS, arch:x86_64, id:00008112-0001090E1E7BA01E, name:My Mac }
{ platform:macOS, name:Any Mac }
ComputePackagePrebuildTargetDependencyGraph

Prepare packages

CreateBuildRequest

SendProjectDescription

CreateBuildOperation

ComputeTargetDependencyGraph
note: Building targets in dependency order
note: Target dependency graph (2 targets)
    Target 'TermSnap' in project 'TermSnap'
        ➜ Explicit dependency on target 'TermSnapFinderExtension' in project 'TermSnap'
    Target 'TermSnapFinderExtension' in project 'TermSnap' (no dependencies)

GatherProvisioningInputs

CreateBuildDescription

ExecuteExternalTool /Applications/Xcode.app/Contents/Developer/Toolchains/XcodeDefault.xctoolchain/usr/bin/clang -v -E -dM -isysroot /Applications/Xcode.app/Contents/Developer/Platforms/MacOSX.platform/Developer/SDKs/MacOSX26.2.sdk -x c -c /dev/null

ExecuteExternalTool /Applications/Xcode.app/Contents/Developer/Toolchains/XcodeDefault.xctoolchain/usr/bin/swiftc --version

ExecuteExternalTool /Applications/Xcode.app/Contents/Developer/usr/bin/actool --version --output-format xml1

ExecuteExternalTool /Applications/Xcode.app/Contents/Developer/Toolchains/XcodeDefault.xctoolchain/usr/bin/ld -version_details

Build description signature: 6e831364cef721d8e9b314d190873667
Build description path: /Users/lll/Library/Developer/Xcode/DerivedData/TermSnap-fhshqvlxjqvajwbzyeblkhuqtrgn/Build/Intermediates.noindex/XCBuildData/6e831364cef721d8e9b314d190873667.xcbuilddata
ClangStatCache /Applications/Xcode.app/Contents/Developer/Toolchains/XcodeDefault.xctoolchain/usr/bin/clang-stat-cache /Applications/Xcode.app/Contents/Developer/Platforms/MacOSX.platform/Developer/SDKs/MacOSX26.2.sdk /Users/lll/Library/Developer/Xcode/DerivedData/SDKStatCaches.noindex/macosx26.2-25C58-00fa09913b459cbbc988d1f6730289ae.sdkstatcache
    cd /Users/lll/Projects.localized/SwiftProjects/TermSnap/TermSnap.xcodeproj
    /Applications/Xcode.app/Contents/Developer/Toolchains/XcodeDefault.xctoolchain/usr/bin/clang-stat-cache /Applications/Xcode.app/Contents/Developer/Platforms/MacOSX.platform/Developer/SDKs/MacOSX26.2.sdk -o /Users/lll/Library/Developer/Xcode/DerivedData/SDKStatCaches.noindex/macosx26.2-25C58-00fa09913b459cbbc988d1f6730289ae.sdkstatcache

ProcessInfoPlistFile /Users/lll/Library/Developer/Xcode/DerivedData/TermSnap-fhshqvlxjqvajwbzyeblkhuqtrgn/Build/Products/Release/TermSnapFinderExtension.appex/Contents/Info.plist /Users/lll/Projects.localized/SwiftProjects/TermSnap/TermSnapFinderExtension/Info.plist (in target 'TermSnapFinderExtension' from project 'TermSnap')
    cd /Users/lll/Projects.localized/SwiftProjects/TermSnap
    builtin-infoPlistUtility /Users/lll/Projects.localized/SwiftProjects/TermSnap/TermSnapFinderExtension/Info.plist -producttype com.apple.product-type.app-extension -expandbuildsettings -platform macosx -o /Users/lll/Library/Developer/Xcode/DerivedData/TermSnap-fhshqvlxjqvajwbzyeblkhuqtrgn/Build/Products/Release/TermSnapFinderExtension.appex/Contents/Info.plist

SwiftDriver TermSnap normal arm64 com.apple.xcode.tools.swift.compiler (in target 'TermSnap' from project 'TermSnap')
    cd /Users/lll/Projects.localized/SwiftProjects/TermSnap
    builtin-SwiftDriver -- /Applications/Xcode.app/Contents/Developer/Toolchains/XcodeDefault.xctoolchain/usr/bin/swiftc -module-name TermSnap -O -whole-module-optimization -enforce-exclusivity\=checked @/Users/lll/Library/Developer/Xcode/DerivedData/TermSnap-fhshqvlxjqvajwbzyeblkhuqtrgn/Build/Intermediates.noindex/TermSnap.build/Release/TermSnap.build/Objects-normal/arm64/TermSnap.SwiftFileList -default-isolation\=MainActor -enable-bare-slash-regex -enable-upcoming-feature DisableOutwardActorInference -enable-upcoming-feature InferSendableFromCaptures -enable-upcoming-feature GlobalActorIsolatedTypesUsability -enable-upcoming-feature MemberImportVisibility -enable-upcoming-feature InferIsolatedConformances -enable-upcoming-feature NonisolatedNonsendingByDefault -enable-experimental-feature DebugDescriptionMacro -sdk /Applications/Xcode.app/Contents/Developer/Platforms/MacOSX.platform/Developer/SDKs/MacOSX26.2.sdk -target arm64-apple-macos14.6 -g -module-cache-path /Users/lll/Library/Developer/Xcode/DerivedData/ModuleCache.noindex -Xfrontend -serialize-debugging-options -profile-coverage-mapping -profile-generate -swift-version 5 -I /Users/lll/Library/Developer/Xcode/DerivedData/TermSnap-fhshqvlxjqvajwbzyeblkhuqtrgn/Build/Products/Release -F /Users/lll/Library/Developer/Xcode/DerivedData/TermSnap-fhshqvlxjqvajwbzyeblkhuqtrgn/Build/Products/Release -emit-localized-strings -emit-localized-strings-path /Users/lll/Library/Developer/Xcode/DerivedData/TermSnap-fhshqvlxjqvajwbzyeblkhuqtrgn/Build/Intermediates.noindex/TermSnap.build/Release/TermSnap.build/Objects-normal/arm64 -c -num-threads 8 -Xcc -ivfsstatcache -Xcc /Users/lll/Library/Developer/Xcode/DerivedData/SDKStatCaches.noindex/macosx26.2-25C58-00fa09913b459cbbc988d1f6730289ae.sdkstatcache -output-file-map /Users/lll/Library/Developer/Xcode/DerivedData/TermSnap-fhshqvlxjqvajwbzyeblkhuqtrgn/Build/Intermediates.noindex/TermSnap.build/Release/TermSnap.build/Objects-normal/arm64/TermSnap-OutputFileMap.json -use-frontend-parseable-output -save-temps -no-color-diagnostics -explicit-module-build -module-cache-path /Users/lll/Library/Developer/Xcode/DerivedData/TermSnap-fhshqvlxjqvajwbzyeblkhuqtrgn/Build/Intermediates.noindex/SwiftExplicitPrecompiledModules -clang-scanner-module-cache-path /Users/lll/Library/Developer/Xcode/DerivedData/ModuleCache.noindex -sdk-module-cache-path /Users/lll/Library/Developer/Xcode/DerivedData/ModuleCache.noindex -serialize-diagnostics -emit-dependencies -emit-module -emit-module-path /Users/lll/Library/Developer/Xcode/DerivedData/TermSnap-fhshqvlxjqvajwbzyeblkhuqtrgn/Build/Intermediates.noindex/TermSnap.build/Release/TermSnap.build/Objects-normal/arm64/TermSnap.swiftmodule -validate-clang-modules-once -clang-build-session-file /Users/lll/Library/Developer/Xcode/DerivedData/ModuleCache.noindex/Session.modulevalidation -Xcc -I/Users/lll/Library/Developer/Xcode/DerivedData/TermSnap-fhshqvlxjqvajwbzyeblkhuqtrgn/Build/Intermediates.noindex/TermSnap.build/Release/TermSnap.build/swift-overrides.hmap -emit-const-values -Xfrontend -const-gather-protocols-file -Xfrontend /Users/lll/Library/Developer/Xcode/DerivedData/TermSnap-fhshqvlxjqvajwbzyeblkhuqtrgn/Build/Intermediates.noindex/TermSnap.build/Release/TermSnap.build/Objects-normal/arm64/TermSnap_const_extract_protocols.json -Xcc -iquote -Xcc /Users/lll/Library/Developer/Xcode/DerivedData/TermSnap-fhshqvlxjqvajwbzyeblkhuqtrgn/Build/Intermediates.noindex/TermSnap.build/Release/TermSnap.build/TermSnap-generated-files.hmap -Xcc -I/Users/lll/Library/Developer/Xcode/DerivedData/TermSnap-fhshqvlxjqvajwbzyeblkhuqtrgn/Build/Intermediates.noindex/TermSnap.build/Release/TermSnap.build/TermSnap-own-target-headers.hmap -Xcc -I/Users/lll/Library/Developer/Xcode/DerivedData/TermSnap-fhshqvlxjqvajwbzyeblkhuqtrgn/Build/Intermediates.noindex/TermSnap.build/Release/TermSnap.build/TermSnap-all-target-headers.hmap -Xcc -iquote -Xcc /Users/lll/Library/Developer/Xcode/DerivedData/TermSnap-fhshqvlxjqvajwbzyeblkhuqtrgn/Build/Intermediates.noindex/TermSnap.build/Release/TermSnap.build/TermSnap-project-headers.hmap -Xcc -I/Users/lll/Library/Developer/Xcode/DerivedData/TermSnap-fhshqvlxjqvajwbzyeblkhuqtrgn/Build/Products/Release/include -Xcc -I/Users/lll/Library/Developer/Xcode/DerivedData/TermSnap-fhshqvlxjqvajwbzyeblkhuqtrgn/Build/Intermediates.noindex/TermSnap.build/Release/TermSnap.build/DerivedSources-normal/arm64 -Xcc -I/Users/lll/Library/Developer/Xcode/DerivedData/TermSnap-fhshqvlxjqvajwbzyeblkhuqtrgn/Build/Intermediates.noindex/TermSnap.build/Release/TermSnap.build/DerivedSources/arm64 -Xcc -I/Users/lll/Library/Developer/Xcode/DerivedData/TermSnap-fhshqvlxjqvajwbzyeblkhuqtrgn/Build/Intermediates.noindex/TermSnap.build/Release/TermSnap.build/DerivedSources -emit-objc-header -emit-objc-header-path /Users/lll/Library/Developer/Xcode/DerivedData/TermSnap-fhshqvlxjqvajwbzyeblkhuqtrgn/Build/Intermediates.noindex/TermSnap.build/Release/TermSnap.build/Objects-normal/arm64/TermSnap-Swift.h -working-directory /Users/lll/Projects.localized/SwiftProjects/TermSnap -no-emit-module-separately-wmo

SwiftCompile normal arm64 Compiling\ AnnotationShape.swift,\ AnnotationTool.swift,\ AnnotationToolbar.swift,\ AnnotationView.swift,\ ColorPalette.swift,\ ExportManager.swift,\ ExtensionGuideView.swift,\ AccessibilityEngine.swift,\ CaptureEngine.swift,\ ContentRectDetector.swift,\ MotionDifferencingEngine.swift,\ OverlayGeometry.swift,\ OverlayView.swift,\ OverlayWindow.swift,\ ScrollingPreviewPanel.swift,\ SelectionResizer.swift,\ StitchedAnnotationWindow.swift,\ StitchingEngine.swift,\ AppSettings.swift,\ SettingsView.swift,\ StatusBarController.swift,\ AppDelegate.swift,\ TerminalLauncher.swift,\ TermSnapApp.swift,\ GeneratedAssetSymbols.swift /Users/lll/Projects.localized/SwiftProjects/TermSnap/TermSnap/Annotation/AnnotationShape.swift /Users/lll/Projects.localized/SwiftProjects/TermSnap/TermSnap/Annotation/AnnotationTool.swift /Users/lll/Projects.localized/SwiftProjects/TermSnap/TermSnap/Annotation/AnnotationToolbar.swift /Users/lll/Projects.localized/SwiftProjects/TermSnap/TermSnap/Annotation/AnnotationView.swift /Users/lll/Projects.localized/SwiftProjects/TermSnap/TermSnap/Annotation/ColorPalette.swift /Users/lll/Projects.localized/SwiftProjects/TermSnap/TermSnap/Export/ExportManager.swift /Users/lll/Projects.localized/SwiftProjects/TermSnap/TermSnap/ExtensionGuide/ExtensionGuideView.swift /Users/lll/Projects.localized/SwiftProjects/TermSnap/TermSnap/Screenshot/AccessibilityEngine.swift /Users/lll/Projects.localized/SwiftProjects/TermSnap/TermSnap/Screenshot/CaptureEngine.swift /Users/lll/Projects.localized/SwiftProjects/TermSnap/TermSnap/Screenshot/ContentRectDetector.swift /Users/lll/Projects.localized/SwiftProjects/TermSnap/TermSnap/Screenshot/MotionDifferencingEngine.swift /Users/lll/Projects.localized/SwiftProjects/TermSnap/TermSnap/Screenshot/OverlayGeometry.swift /Users/lll/Projects.localized/SwiftProjects/TermSnap/TermSnap/Screenshot/OverlayView.swift /Users/lll/Projects.localized/SwiftProjects/TermSnap/TermSnap/Screenshot/OverlayWindow.swift /Users/lll/Projects.localized/SwiftProjects/TermSnap/TermSnap/Screenshot/ScrollingPreviewPanel.swift /Users/lll/Projects.localized/SwiftProjects/TermSnap/TermSnap/Screenshot/SelectionResizer.swift /Users/lll/Projects.localized/SwiftProjects/TermSnap/TermSnap/Screenshot/StitchedAnnotationWindow.swift /Users/lll/Projects.localized/SwiftProjects/TermSnap/TermSnap/Screenshot/StitchingEngine.swift /Users/lll/Projects.localized/SwiftProjects/TermSnap/TermSnap/Settings/AppSettings.swift /Users/lll/Projects.localized/SwiftProjects/TermSnap/TermSnap/Settings/SettingsView.swift /Users/lll/Projects.localized/SwiftProjects/TermSnap/TermSnap/StatusBar/StatusBarController.swift /Users/lll/Projects.localized/SwiftProjects/TermSnap/TermSnap/AppDelegate.swift /Users/lll/Projects.localized/SwiftProjects/TermSnap/TermSnap/TerminalLauncher.swift /Users/lll/Projects.localized/SwiftProjects/TermSnap/TermSnap/TermSnapApp.swift /Users/lll/Library/Developer/Xcode/DerivedData/TermSnap-fhshqvlxjqvajwbzyeblkhuqtrgn/Build/Intermediates.noindex/TermSnap.build/Release/TermSnap.build/DerivedSources/GeneratedAssetSymbols.swift /Applications/Xcode.app/Contents/Developer/Toolchains/XcodeDefault.xctoolchain/usr/lib/swift/macosx/prebuilt-modules/26.2/CoreText.swiftmodule/arm64e-apple-macos.swiftmodule /Applications/Xcode.app/Contents/Developer/Toolchains/XcodeDefault.xctoolchain/usr/lib/swift/macosx/prebuilt-modules/26.2/CoreGraphics.swiftmodule/arm64e-apple-macos.swiftmodule /Applications/Xcode.app/Contents/Developer/Toolchains/XcodeDefault.xctoolchain/usr/lib/swift/macosx/prebuilt-modules/26.2/Dispatch.swiftmodule/arm64e-apple-macos.swiftmodule /Applications/Xcode.app/Contents/Developer/Toolchains/XcodeDefault.xctoolchain/usr/lib/swift/macosx/prebuilt-modules/26.2/_Concurrency.swiftmodule/arm64e-apple-macos.swiftmodule /Applications/Xcode.app/Contents/Developer/Toolchains/XcodeDefault.xctoolchain/usr/lib/swift/macosx/prebuilt-modules/26.2/Accessibility.swiftmodule/arm64e-apple-macos.swiftmodule /Applications/Xcode.app/Contents/Developer/Toolchains/XcodeDefault.xctoolchain/usr/lib/swift/macosx/prebuilt-modules/26.2/CoreAudio.swiftmodule/arm64e-apple-macos.swiftmodule /Applications/Xcode.app/Contents/Developer/Toolchains/XcodeDefault.xctoolchain/usr/lib/swift/macosx/prebuilt-modules/26.2/IOKit.swiftmodule/arm64e-apple-macos.swiftmodule /Applications/Xcode.app/Contents/Developer/Toolchains/XcodeDefault.xctoolchain/usr/lib/swift/macosx/prebuilt-modules/26.2/AudioToolbox.swiftmodule/arm64e-apple-macos.swiftmodule /Applications/Xcode.app/Contents/Developer/Toolchains/XcodeDefault.xctoolchain/usr/lib/swift/macosx/prebuilt-modules/26.2/_StringProcessing.swiftmodule/arm64e-apple-macos.swiftmodule /Applications/Xcode.app/Contents/Developer/Toolchains/XcodeDefault.xctoolchain/usr/lib/swift/macosx/prebuilt-modules/26.2/Vision.swiftmodule/arm64e-apple-macos.swiftmodule /Applications/Xcode.app/Contents/Developer/Toolchains/XcodeDefault.xctoolchain/usr/lib/swift/macosx/prebuilt-modules/26.2/SwiftUICore.swiftmodule/arm64e-apple-macos.swiftmodule /Applications/Xcode.app/Contents/Developer/Toolchains/XcodeDefault.xctoolchain/usr/lib/swift/macosx/prebuilt-modules/26.2/Metal.swiftmodule/arm64e-apple-macos.swiftmodule /Applications/Xcode.app/Contents/Developer/Toolchains/XcodeDefault.xctoolchain/usr/lib/swift/macosx/prebuilt-modules/26.2/ScreenCaptureKit.swiftmodule/arm64e-apple-macos.swiftmodule /Applications/Xcode.app/Contents/Developer/Toolchains/XcodeDefault.xctoolchain/usr/lib/swift/macosx/prebuilt-modules/26.2/Darwin.swiftmodule/arm64e-apple-macos.swiftmodule /Applications/Xcode.app/Contents/Developer/Toolchains/XcodeDefault.xctoolchain/usr/lib/swift/macosx/prebuilt-modules/26.2/CoreVideo.swiftmodule/arm64e-apple-macos.swiftmodule /Applications/Xcode.app/Contents/Developer/Toolchains/XcodeDefault.xctoolchain/usr/lib/swift/macosx/prebuilt-modules/26.2/CoreML.swiftmodule/arm64e-apple-macos.swiftmodule /Applications/Xcode.app/Contents/Developer/Toolchains/XcodeDefault.xctoolchain/usr/lib/swift/macosx/prebuilt-modules/26.2/DeveloperToolsSupport.swiftmodule/arm64e-apple-macos.swiftmodule /Applications/Xcode.app/Contents/Developer/Toolchains/XcodeDefault.xctoolchain/usr/lib/swift/macosx/prebuilt-modules/26.2/_DarwinFoundation2.swiftmodule/arm64e-apple-macos.swiftmodule /Applications/Xcode.app/Contents/Developer/Toolchains/XcodeDefault.xctoolchain/usr/lib/swift/macosx/prebuilt-modules/26.2/AVFoundation.swiftmodule/arm64e-apple-macos.swiftmodule /Applications/Xcode.app/Contents/Developer/Toolchains/XcodeDefault.xctoolchain/usr/lib/swift/macosx/prebuilt-modules/26.2/Synchronization.swiftmodule/arm64e-apple-macos.swiftmodule /Applications/Xcode.app/Contents/Developer/Toolchains/XcodeDefault.xctoolchain/usr/lib/swift/macosx/prebuilt-modules/26.2/UniformTypeIdentifiers.swiftmodule/arm64e-apple-macos.swiftmodule /Applications/Xcode.app/Contents/Developer/Toolchains/XcodeDefault.xctoolchain/usr/lib/swift/macosx/prebuilt-modules/26.2/XPC.swiftmodule/arm64e-apple-macos.swiftmodule /Applications/Xcode.app/Contents/Developer/Toolchains/XcodeDefault.xctoolchain/usr/lib/swift/macosx/prebuilt-modules/26.2/AVFAudio.swiftmodule/arm64e-apple-macos.swiftmodule /Applications/Xcode.app/Contents/Developer/Toolchains/XcodeDefault.xctoolchain/usr/lib/swift/macosx/prebuilt-modules/26.2/CoreMIDI.swiftmodule/arm64e-apple-macos.swiftmodule /Applications/Xcode.app/Contents/Developer/Toolchains/XcodeDefault.xctoolchain/usr/lib/swift/macosx/prebuilt-modules/26.2/AppKit.swiftmodule/arm64e-apple-macos.swiftmodule /Applications/Xcode.app/Contents/Developer/Toolchains/XcodeDefault.xctoolchain/usr/lib/swift/macosx/prebuilt-modules/26.2/DataDetection.swiftmodule/arm64e-apple-macos.swiftmodule /Applications/Xcode.app/Contents/Developer/Toolchains/XcodeDefault.xctoolchain/usr/lib/swift/macosx/prebuilt-modules/26.2/_DarwinFoundation1.swiftmodule/arm64e-apple-macos.swiftmodule /Applications/Xcode.app/Contents/Developer/Toolchains/XcodeDefault.xctoolchain/usr/lib/swift/macosx/prebuilt-modules/26.2/SwiftUI.swiftmodule/arm64e-apple-macos.swiftmodule /Applications/Xcode.app/Contents/Developer/Toolchains/XcodeDefault.xctoolchain/usr/lib/swift/macosx/prebuilt-modules/26.2/Observation.swiftmodule/arm64e-apple-macos.swiftmodule /Applications/Xcode.app/Contents/Developer/Toolchains/XcodeDefault.xctoolchain/usr/lib/swift/macosx/prebuilt-modules/26.2/simd.swiftmodule/arm64e-apple-macos.swiftmodule /Applications/Xcode.app/Contents/Developer/Toolchains/XcodeDefault.xctoolchain/usr/lib/swift/macosx/prebuilt-modules/26.2/ObjectiveC.swiftmodule/arm64e-apple-macos.swiftmodule /Applications/Xcode.app/Contents/Developer/Toolchains/XcodeDefault.xctoolchain/usr/lib/swift/macosx/prebuilt-modules/26.2/_DarwinFoundation3.swiftmodule/arm64e-apple-macos.swiftmodule /Applications/Xcode.app/Contents/Developer/Toolchains/XcodeDefault.xctoolchain/usr/lib/swift/macosx/prebuilt-modules/26.2/OSLog.swiftmodule/arm64e-apple-macos.swiftmodule /Applications/Xcode.app/Contents/Developer/Toolchains/XcodeDefault.xctoolchain/usr/lib/swift/macosx/prebuilt-modules/26.2/_Builtin_float.swiftmodule/arm64e-apple-macos.swiftmodule /Applications/Xcode.app/Contents/Developer/Toolchains/XcodeDefault.xctoolchain/usr/lib/swift/macosx/prebuilt-modules/26.2/QuartzCore.swiftmodule/arm64e-apple-macos.swiftmodule /Applications/Xcode.app/Contents/Developer/Toolchains/XcodeDefault.xctoolchain/usr/lib/swift/macosx/prebuilt-modules/26.2/CoreFoundation.swiftmodule/arm64e-apple-macos.swiftmodule /Applications/Xcode.app/Contents/Developer/Toolchains/XcodeDefault.xctoolchain/usr/lib/swift/macosx/prebuilt-modules/26.2/System.swiftmodule/arm64e-apple-macos.swiftmodule /Applications/Xcode.app/Contents/Developer/Toolchains/XcodeDefault.xctoolchain/usr/lib/swift/macosx/prebuilt-modules/26.2/os.swiftmodule/arm64e-apple-macos.swiftmodule /Applications/Xcode.app/Contents/Developer/Toolchains/XcodeDefault.xctoolchain/usr/lib/swift/macosx/prebuilt-modules/26.2/Foundation.swiftmodule/arm64e-apple-macos.swiftmodule /Applications/Xcode.app/Contents/Developer/Toolchains/XcodeDefault.xctoolchain/usr/lib/swift/macosx/prebuilt-modules/26.2/CoreMedia.swiftmodule/arm64e-apple-macos.swiftmodule /Applications/Xcode.app/Contents/Developer/Toolchains/XcodeDefault.xctoolchain/usr/lib/swift/macosx/prebuilt-modules/26.2/CoreTransferable.swiftmodule/arm64e-apple-macos.swiftmodule /Applications/Xcode.app/Contents/Developer/Toolchains/XcodeDefault.xctoolchain/usr/lib/swift/macosx/prebuilt-modules/26.2/Accelerate.swiftmodule/arm64e-apple-macos.swiftmodule /Applications/Xcode.app/Contents/Developer/Toolchains/XcodeDefault.xctoolchain/usr/lib/swift/macosx/prebuilt-modules/26.2/CoreImage.swiftmodule/arm64e-apple-macos.swiftmodule /Applications/Xcode.app/Contents/Developer/Toolchains/XcodeDefault.xctoolchain/usr/lib/swift/macosx/prebuilt-modules/26.2/Symbols.swiftmodule/arm64e-apple-macos.swiftmodule /Applications/Xcode.app/Contents/Developer/Toolchains/XcodeDefault.xctoolchain/usr/lib/swift/macosx/prebuilt-modules/26.2/Combine.swiftmodule/arm64e-apple-macos.swiftmodule /Applications/Xcode.app/Contents/Developer/Toolchains/XcodeDefault.xctoolchain/usr/lib/swift/macosx/prebuilt-modules/26.2/Spatial.swiftmodule/arm64e-apple-macos.swiftmodule /Applications/Xcode.app/Contents/Developer/Toolchains/XcodeDefault.xctoolchain/usr/lib/swift/macosx/prebuilt-modules/26.2/CoreData.swiftmodule/arm64e-apple-macos.swiftmodule /Applications/Xcode.app/Contents/Developer/Toolchains/XcodeDefault.xctoolchain/usr/lib/swift/macosx/prebuilt-modules/26.2/Swift.swiftmodule/arm64e-apple-macos.swiftmodule /Users/lll/Library/Developer/Xcode/DerivedData/ModuleCache.noindex/CoreML-6X747Q0NR2UPZUZTR1MUV5MP.pcm /Users/lll/Library/Developer/Xcode/DerivedData/ModuleCache.noindex/ApplicationServices-1T8RM974UE2582E6NSULVL09A.pcm /Users/lll/Library/Developer/Xcode/DerivedData/ModuleCache.noindex/os-C8D1ZW8IU0R6DH6LLKUW8NXPO.pcm /Users/lll/Library/Developer/Xcode/DerivedData/ModuleCache.noindex/CoreTransferable-E56G6R1FB6D1MM4Z3ZQC96P0I.pcm /Users/lll/Library/Developer/Xcode/DerivedData/ModuleCache.noindex/Accelerate-12XPS4YEIMSOCS3UXI4H7YSBG.pcm /Users/lll/Library/Developer/Xcode/DerivedData/ModuleCache.noindex/DiskArbitration-4XWTAMCL8KLDT5NGELSP5OBYM.pcm /Users/lll/Library/Developer/Xcode/DerivedData/ModuleCache.noindex/_Builtin_tgmath-9ULLXBHRFH80LHAXUWBZDWWGF.pcm /Users/lll/Library/Developer/Xcode/DerivedData/ModuleCache.noindex/SwiftShims-40UZ8NZFRWU80J5HZ3SWOX0PA.pcm /Users/lll/Library/Developer/Xcode/DerivedData/ModuleCache.noindex/ObjectiveC-5NB564RSLHSAY0VJ1AWG0SG6Y.pcm /Users/lll/Library/Developer/Xcode/DerivedData/ModuleCache.noindex/XPC-9EE6LHT1KDMICSEWSZI5MFOM2.pcm /Users/lll/Library/Developer/Xcode/DerivedData/ModuleCache.noindex/Spatial-8TYUIU18TURQBJ6QFB40C7T8X.pcm /Users/lll/Library/Developer/Xcode/DerivedData/ModuleCache.noindex/_DarwinFoundation1-6I2SCBYYTRWTEVDVZFDAUCRR5.pcm /Users/lll/Library/Developer/Xcode/DerivedData/ModuleCache.noindex/CoreGraphics-A5AN6SUBK44GSFAHV6GC73SYN.pcm /Users/lll/Library/Developer/Xcode/DerivedData/ModuleCache.noindex/Foundation-3B67W8305NV7IQ45DDNQYM15T.pcm /Users/lll/Library/Developer/Xcode/DerivedData/ModuleCache.noindex/_Builtin_float-6B7I85C25ZPZAI2DCTN52CWBV.pcm /Users/lll/Library/Developer/Xcode/DerivedData/ModuleCache.noindex/MachO-ZEE70P23UFFAK7IDJ9O1ZAL0.pcm /Users/lll/Library/Developer/Xcode/DerivedData/ModuleCache.noindex/AVFAudio-6TU4T1DQ7OUMZI2KLEE0EYRV9.pcm /Users/lll/Library/Developer/Xcode/DerivedData/ModuleCache.noindex/ptrcheck-A6LFSC5I5CHP6IC1Z6CRP021S.pcm /Users/lll/Library/Developer/Xcode/DerivedData/ModuleCache.noindex/CFNetwork-2HUGNOEMMPR8RE4STQUOXSY4K.pcm /Users/lll/Library/Developer/Xcode/DerivedData/ModuleCache.noindex/ptrauth-DS6HW4IN1MM5VKUJ7FG2Q57GW.pcm /Users/lll/Library/Developer/Xcode/DerivedData/ModuleCache.noindex/_Builtin_intrinsics-EBRQJBT3BL7Y6PE92XQIR2DGQ.pcm /Users/lll/Library/Developer/Xcode/DerivedData/ModuleCache.noindex/Security-E12ORT9ZTSRRW8SFCPWVR8LAD.pcm /Users/lll/Library/Developer/Xcode/DerivedData/ModuleCache.noindex/OpenGL-4U1MFYUVH8XSED9UQ230WXCKR.pcm /Users/lll/Library/Developer/Xcode/DerivedData/ModuleCache.noindex/OSLog-B04HDFHSPHFXQ85QVUA6Q4YZN.pcm /Users/lll/Library/Developer/Xcode/DerivedData/ModuleCache.noindex/CoreServices-CJROQD7D6R87MHL1YXJAG4PEY.pcm /Users/lll/Library/Developer/Xcode/DerivedData/ModuleCache.noindex/Accessibility-1DQ9P9LOCYI2RN29NIWG7X87H.pcm /Users/lll/Library/Developer/Xcode/DerivedData/ModuleCache.noindex/_Builtin_stdint-ABMQHO7C0S8HSKD0QJGH6OD8M.pcm /Users/lll/Library/Developer/Xcode/DerivedData/ModuleCache.noindex/DeveloperToolsSupport-EJFWABIH7ZNBNGKHLL3FJQ8HZ.pcm /Users/lll/Library/Developer/Xcode/DerivedData/ModuleCache.noindex/Metal-DIXKINWQF2ZOKO2DO80MVG1WN.pcm /Users/lll/Library/Developer/Xcode/DerivedData/ModuleCache.noindex/_DarwinFoundation3-DUOYG2JADKB2KMTVHUCYNQ9TM.pcm /Users/lll/Library/Developer/Xcode/DerivedData/ModuleCache.noindex/QuartzCore-3DGUIM9PRZXLQSA38DW73270O.pcm /Users/lll/Library/Developer/Xcode/DerivedData/ModuleCache.noindex/ColorSync-37MD6JIZT16ZWN8BLSX1MIO7S.pcm /Users/lll/Library/Developer/Xcode/DerivedData/ModuleCache.noindex/SwiftUI-1UKHQERUSFJZMD05MXFDYTHZE.pcm /Users/lll/Library/Developer/Xcode/DerivedData/ModuleCache.noindex/ScreenCaptureKit-1Y1K6V7LMUCTXJQEMIST9CJZE.pcm /Users/lll/Library/Developer/Xcode/DerivedData/ModuleCache.noindex/CoreImage-4PTLXYC1FLQIF5Y6SOBQQX2KH.pcm /Users/lll/Library/Developer/Xcode/DerivedData/ModuleCache.noindex/Darwin-9FEJ583E4AUJP23IDVX7UP57M.pcm /Users/lll/Library/Developer/Xcode/DerivedData/ModuleCache.noindex/UniformTypeIdentifiers-CCCV0KABHPCUETG514NWPI7MR.pcm /Users/lll/Library/Developer/Xcode/DerivedData/ModuleCache.noindex/libDER-9RB8UZCWS0JDUVZLV600Z4AWD.pcm /Users/lll/Library/Developer/Xcode/DerivedData/ModuleCache.noindex/AudioToolbox-ACTEE9RO8U4IEUKFSN3DOOHOB.pcm /Users/lll/Library/Developer/Xcode/DerivedData/ModuleCache.noindex/CoreAudio-3NZ1J780FWLWSEVYS56Q56HFR.pcm /Users/lll/Library/Developer/Xcode/DerivedData/ModuleCache.noindex/IOSurface-Q0VBYTJCX6TPGR8VCZ7OPFPW.pcm /Users/lll/Library/Developer/Xcode/DerivedData/ModuleCache.noindex/CoreMedia-CSLVQCYJPI0A1BYEMNBIWT02H.pcm /Users/lll/Library/Developer/Xcode/DerivedData/ModuleCache.noindex/AVFoundation-EQTIZC8JDJ5TH73S52HM7AF5Y.pcm /Users/lll/Library/Developer/Xcode/DerivedData/ModuleCache.noindex/CoreVideo-C9FVA9FWUPV9J7ARGE9NJARNB.pcm /Users/lll/Library/Developer/Xcode/DerivedData/ModuleCache.noindex/DataDetection-4F46AK24HUU6VFHYCD1R7I797.pcm /Users/lll/Library/Developer/Xcode/DerivedData/ModuleCache.noindex/ImageIO-60TNVGFMBUX8BAQQVO9XTUFUT.pcm /Users/lll/Library/Developer/Xcode/DerivedData/ModuleCache.noindex/SwiftUICore-6Y3HZMOMUJMU19KCDFPV7LYK.pcm /Users/lll/Library/Developer/Xcode/DerivedData/ModuleCache.noindex/AppKit-EQK4LHP2KXZV8VY10BB4H0UA6.pcm /Users/lll/Library/Developer/Xcode/DerivedData/ModuleCache.noindex/launch-6KUQJMU3II6ORSA4NQX2YB4NM.pcm /Users/lll/Library/Developer/Xcode/DerivedData/ModuleCache.noindex/sys_types-94FN7FP3NQLPIOGBC2KWALSCP.pcm /Users/lll/Library/Developer/Xcode/DerivedData/ModuleCache.noindex/Vision-BNMW3859ZIMQEMXKLQGAHR1EJ.pcm /Users/lll/Library/Developer/Xcode/DerivedData/ModuleCache.noindex/_Builtin_stdbool-5BVTRGEWZ1LQUDFE4Y6ZI5T7H.pcm /Users/lll/Library/Developer/Xcode/DerivedData/ModuleCache.noindex/os_workgroup-1MM9SA3H6HOIW3EE7ZCRQMTAQ.pcm /Users/lll/Library/Developer/Xcode/DerivedData/ModuleCache.noindex/_Builtin_stddef-EMMNMI4RLY0K9D1KWN8IZDIJ.pcm /Users/lll/Library/Developer/Xcode/DerivedData/ModuleCache.noindex/_Builtin_stdarg-D3KIG91DFO8ZO2ES477VQW22H.pcm /Users/lll/Library/Developer/Xcode/DerivedData/ModuleCache.noindex/_SwiftConcurrencyShims-13A69468D1UNWWVRONKUM79MB.pcm /Users/lll/Library/Developer/Xcode/DerivedData/ModuleCache.noindex/Cocoa-2Y14IYX8X9D8YCC975CPHUOLO.pcm /Users/lll/Library/Developer/Xcode/DerivedData/ModuleCache.noindex/os_object-80ZIL43H1NUII8CS2HRMTRAE5.pcm /Users/lll/Library/Developer/Xcode/DerivedData/ModuleCache.noindex/CoreText-E3RZU7DL5LIP9KK5AWFUFINQ5.pcm /Users/lll/Library/Developer/Xcode/DerivedData/ModuleCache.noindex/CoreMIDI-39ERH3GOQ086PFNAJ8ED2CC1X.pcm /Users/lll/Library/Developer/Xcode/DerivedData/ModuleCache.noindex/Dispatch-4PST5S2S187IB8X7W1FPQJRVC.pcm /Users/lll/Library/Developer/Xcode/DerivedData/ModuleCache.noindex/CUPS-1OGW5QHU1F2IZ1G3ERZ77Y79S.pcm /Users/lll/Library/Developer/Xcode/DerivedData/ModuleCache.noindex/CoreAudioTypes-4IDBMA28U7MN4U5E1T2DHYK0.pcm /Users/lll/Library/Developer/Xcode/DerivedData/ModuleCache.noindex/MediaToolbox-EGZNN5BJ8WGDBWP89B1EDGX9M.pcm /Users/lll/Library/Developer/Xcode/DerivedData/ModuleCache.noindex/IOKit-645S1JZUY2I66F4EJUSVXWF8V.pcm /Users/lll/Library/Developer/Xcode/DerivedData/ModuleCache.noindex/_Builtin_inttypes-28LMKAQGV8DEVWEOCJM27JTI3.pcm /Users/lll/Library/Developer/Xcode/DerivedData/ModuleCache.noindex/_AvailabilityInternal-C9DOEF848SODW9SO6YAQHP3H2.pcm /Users/lll/Library/Developer/Xcode/DerivedData/ModuleCache.noindex/Carbon-D0HN1VI4CU604M0KTKUK1TZJ5.pcm /Users/lll/Library/Developer/Xcode/DerivedData/ModuleCache.noindex/_DarwinFoundation2-AKRFXEY28NU4QDE5EH8GUIY7Q.pcm /Users/lll/Library/Developer/Xcode/DerivedData/ModuleCache.noindex/simd-90UX661BP9TA387LB55H7QVCD.pcm /Users/lll/Library/Developer/Xcode/DerivedData/ModuleCache.noindex/libkern-ATD65QMAUSLRI4Z0X93FTWINE.pcm /Users/lll/Library/Developer/Xcode/DerivedData/ModuleCache.noindex/_Builtin_limits-B1MTCA7VZ3AZGDYAEGB4JJZBL.pcm /Users/lll/Library/Developer/Xcode/DerivedData/ModuleCache.noindex/Symbols-9PDZV8OZ6AVRKR83H1ON36TIT.pcm /Users/lll/Library/Developer/Xcode/DerivedData/ModuleCache.noindex/_Builtin_stdatomic-CQ3GWGPLO1L0CV4T4UASFG5IA.pcm /Users/lll/Library/Developer/Xcode/DerivedData/ModuleCache.noindex/CoreData-1DBCS013CU1NV416BYINKDRI4.pcm /Users/lll/Library/Developer/Xcode/DerivedData/ModuleCache.noindex/CoreFoundation-CJZOX2S47MYRJG1IV5HKPH5VY.pcm /Users/lll/Library/Developer/Xcode/DerivedData/TermSnap-fhshqvlxjqvajwbzyeblkhuqtrgn/Build/Intermediates.noindex/TermSnap.build/Release/TermSnap.build/Objects-normal/arm64/TermSnap-dependencies-1.json (in target 'TermSnap' from project 'TermSnap')

CompileSwift normal arm64 (in target 'TermSnap' from project 'TermSnap')
    cd /Users/lll/Projects.localized/SwiftProjects/TermSnap
    
/Users/lll/Projects.localized/SwiftProjects/TermSnap/TermSnap/Annotation/AnnotationToolbar.swift:240:32: warning: 'as' test is always true
        for case let container as NSView in stackView.arrangedSubviews {
                               ^
/Users/lll/Projects.localized/SwiftProjects/TermSnap/TermSnap/Annotation/AnnotationToolbar.swift:248:32: warning: 'as' test is always true
        for case let container as NSView in stackView.arrangedSubviews {
                               ^
/Users/lll/Projects.localized/SwiftProjects/TermSnap/TermSnap/Screenshot/MotionDifferencingEngine.swift:102:53: error: cannot pass immutable value as inout argument: 'format' is a 'let' constant
        guard vImageBuffer_InitWithCGImage(&buffer, &format, nil, cgImage, vImage_Flags(kvImageNoFlags)) == kvImageNoError else {
                                                    ^~~~~~~
/Users/lll/Projects.localized/SwiftProjects/TermSnap/TermSnap/Screenshot/MotionDifferencingEngine.swift:92:9: note: change 'let' to 'var' to make it mutable
        let format = vImage_CGImageFormat(
        ^~~
        var
/Users/lll/Projects.localized/SwiftProjects/TermSnap/TermSnap/Settings/SettingsView.swift:130:23: warning: value 'self' was defined but never used; consider replacing with boolean test
            guard let self else { return event }
                  ~~~~^
                           != nil

Failed frontend command:
/Applications/Xcode.app/Contents/Developer/Toolchains/XcodeDefault.xctoolchain/usr/bin/swift-frontend -frontend -c /Users/lll/Projects.localized/SwiftProjects/TermSnap/TermSnap/Annotation/AnnotationShape.swift /Users/lll/Projects.localized/SwiftProjects/TermSnap/TermSnap/Annotation/AnnotationTool.swift /Users/lll/Projects.localized/SwiftProjects/TermSnap/TermSnap/Annotation/AnnotationToolbar.swift /Users/lll/Projects.localized/SwiftProjects/TermSnap/TermSnap/Annotation/AnnotationView.swift /Users/lll/Projects.localized/SwiftProjects/TermSnap/TermSnap/Annotation/ColorPalette.swift /Users/lll/Projects.localized/SwiftProjects/TermSnap/TermSnap/Export/ExportManager.swift /Users/lll/Projects.localized/SwiftProjects/TermSnap/TermSnap/ExtensionGuide/ExtensionGuideView.swift /Users/lll/Projects.localized/SwiftProjects/TermSnap/TermSnap/Screenshot/AccessibilityEngine.swift /Users/lll/Projects.localized/SwiftProjects/TermSnap/TermSnap/Screenshot/CaptureEngine.swift /Users/lll/Projects.localized/SwiftProjects/TermSnap/TermSnap/Screenshot/ContentRectDetector.swift /Users/lll/Projects.localized/SwiftProjects/TermSnap/TermSnap/Screenshot/MotionDifferencingEngine.swift /Users/lll/Projects.localized/SwiftProjects/TermSnap/TermSnap/Screenshot/OverlayGeometry.swift /Users/lll/Projects.localized/SwiftProjects/TermSnap/TermSnap/Screenshot/OverlayView.swift /Users/lll/Projects.localized/SwiftProjects/TermSnap/TermSnap/Screenshot/OverlayWindow.swift /Users/lll/Projects.localized/SwiftProjects/TermSnap/TermSnap/Screenshot/ScrollingPreviewPanel.swift /Users/lll/Projects.localized/SwiftProjects/TermSnap/TermSnap/Screenshot/SelectionResizer.swift /Users/lll/Projects.localized/SwiftProjects/TermSnap/TermSnap/Screenshot/StitchedAnnotationWindow.swift /Users/lll/Projects.localized/SwiftProjects/TermSnap/TermSnap/Screenshot/StitchingEngine.swift /Users/lll/Projects.localized/SwiftProjects/TermSnap/TermSnap/Settings/AppSettings.swift /Users/lll/Projects.localized/SwiftProjects/TermSnap/TermSnap/Settings/SettingsView.swift /Users/lll/Projects.localized/SwiftProjects/TermSnap/TermSnap/StatusBar/StatusBarController.swift /Users/lll/Projects.localized/SwiftProjects/TermSnap/TermSnap/AppDelegate.swift /Users/lll/Projects.localized/SwiftProjects/TermSnap/TermSnap/TerminalLauncher.swift /Users/lll/Projects.localized/SwiftProjects/TermSnap/TermSnap/TermSnapApp.swift /Users/lll/Library/Developer/Xcode/DerivedData/TermSnap-fhshqvlxjqvajwbzyeblkhuqtrgn/Build/Intermediates.noindex/TermSnap.build/Release/TermSnap.build/DerivedSources/GeneratedAssetSymbols.swift -supplementary-output-file-map /Users/lll/Library/Developer/Xcode/DerivedData/TermSnap-fhshqvlxjqvajwbzyeblkhuqtrgn/Build/Intermediates.noindex/TermSnap.build/Release/TermSnap.build/Objects-normal/arm64/supplementaryOutputs-1 -emit-localized-strings -emit-localized-strings-path /Users/lll/Library/Developer/Xcode/DerivedData/TermSnap-fhshqvlxjqvajwbzyeblkhuqtrgn/Build/Intermediates.noindex/TermSnap.build/Release/TermSnap.build/Objects-normal/arm64 -target arm64-apple-macos14.6 -module-can-import-version AppKit 2685.30.107 2685.30.107 -module-can-import-version DeveloperToolsSupport 23.0.4 23.0.4 -module-can-import-version SwiftUI 7.2.5.1 7.2.5 -load-resolved-plugin /Applications/Xcode.app/Contents/Developer/Platforms/MacOSX.platform/Developer/usr/lib/swift/host/plugins/libFoundationMacros.dylib\#/Applications/Xcode.app/Contents/Developer/Platforms/MacOSX.platform/Developer/usr/bin/swift-plugin-server\#FoundationMacros -load-resolved-plugin /Applications/Xcode.app/Contents/Developer/Platforms/MacOSX.platform/Developer/usr/lib/swift/host/plugins/libObservationMacros.dylib\#/Applications/Xcode.app/Contents/Developer/Platforms/MacOSX.platform/Developer/usr/bin/swift-plugin-server\#ObservationMacros -load-resolved-plugin /Applications/Xcode.app/Contents/Developer/Platforms/MacOSX.platform/Developer/usr/lib/swift/host/plugins/libPreviewsMacros.dylib\#/Applications/Xcode.app/Contents/Developer/Platforms/MacOSX.platform/Developer/usr/bin/swift-plugin-server\#PreviewsMacros -load-resolved-plugin /Applications/Xcode.app/Contents/Developer/Platforms/MacOSX.platform/Developer/usr/lib/swift/host/plugins/libSwiftMacros.dylib\#/Applications/Xcode.app/Contents/Developer/Platforms/MacOSX.platform/Developer/usr/bin/swift-plugin-server\#SwiftMacros -load-resolved-plugin /Applications/Xcode.app/Contents/Developer/Platforms/MacOSX.platform/Developer/usr/lib/swift/host/plugins/libSwiftUIMacros.dylib\#/Applications/Xcode.app/Contents/Developer/Platforms/MacOSX.platform/Developer/usr/bin/swift-plugin-server\#SwiftUIMacros -disable-implicit-swift-modules -Xcc -fno-implicit-modules -Xcc -fno-implicit-module-maps -explicit-swift-module-map-file /Users/lll/Library/Developer/Xcode/DerivedData/TermSnap-fhshqvlxjqvajwbzyeblkhuqtrgn/Build/Intermediates.noindex/TermSnap.build/Release/TermSnap.build/Objects-normal/arm64/TermSnap-dependencies-1.json -Xllvm -aarch64-use-tbi -enable-objc-interop -stack-check -sdk /Applications/Xcode.app/Contents/Developer/Platforms/MacOSX.platform/Developer/SDKs/MacOSX26.2.sdk -I /Users/lll/Library/Developer/Xcode/DerivedData/TermSnap-fhshqvlxjqvajwbzyeblkhuqtrgn/Build/Products/Release -F /Users/lll/Library/Developer/Xcode/DerivedData/TermSnap-fhshqvlxjqvajwbzyeblkhuqtrgn/Build/Products/Release -no-color-diagnostics -Xcc -fno-color-diagnostics -g -debug-info-format\=dwarf -dwarf-version\=4 -module-cache-path /Users/lll/Library/Developer/Xcode/DerivedData/TermSnap-fhshqvlxjqvajwbzyeblkhuqtrgn/Build/Intermediates.noindex/SwiftExplicitPrecompiledModules -profile-generate -profile-coverage-mapping -swift-version 5 -enforce-exclusivity\=checked -O -serialize-debugging-options -const-gather-protocols-file /Users/lll/Library/Developer/Xcode/DerivedData/TermSnap-fhshqvlxjqvajwbzyeblkhuqtrgn/Build/Intermediates.noindex/TermSnap.build/Release/TermSnap.build/Objects-normal/arm64/TermSnap_const_extract_protocols.json -enable-upcoming-feature DisableOutwardActorInference -enable-upcoming-feature InferSendableFromCaptures -enable-upcoming-feature GlobalActorIsolatedTypesUsability -enable-upcoming-feature MemberImportVisibility -enable-upcoming-feature InferIsolatedConformances -enable-upcoming-feature NonisolatedNonsendingByDefault -enable-experimental-feature DebugDescriptionMacro -enable-bare-slash-regex -default-isolation\=MainActor -empty-abi-descriptor -validate-clang-modules-once -clang-build-session-file /Users/lll/Library/Developer/Xcode/DerivedData/ModuleCache.noindex/Session.modulevalidation -Xcc -working-directory -Xcc /Users/lll/Projects.localized/SwiftProjects/TermSnap -file-compilation-dir /Users/lll/Projects.localized/SwiftProjects/TermSnap -Xcc -ivfsstatcache -Xcc /Users/lll/Library/Developer/Xcode/DerivedData/SDKStatCaches.noindex/macosx26.2-25C58-00fa09913b459cbbc988d1f6730289ae.sdkstatcache -Xcc -I/Users/lll/Library/Developer/Xcode/DerivedData/TermSnap-fhshqvlxjqvajwbzyeblkhuqtrgn/Build/Intermediates.noindex/TermSnap.build/Release/TermSnap.build/swift-overrides.hmap -Xcc -iquote -Xcc /Users/lll/Library/Developer/Xcode/DerivedData/TermSnap-fhshqvlxjqvajwbzyeblkhuqtrgn/Build/Intermediates.noindex/TermSnap.build/Release/TermSnap.build/TermSnap-generated-files.hmap -Xcc -I/Users/lll/Library/Developer/Xcode/DerivedData/TermSnap-fhshqvlxjqvajwbzyeblkhuqtrgn/Build/Intermediates.noindex/TermSnap.build/Release/TermSnap.build/TermSnap-own-target-headers.hmap -Xcc -I/Users/lll/Library/Developer/Xcode/DerivedData/TermSnap-fhshqvlxjqvajwbzyeblkhuqtrgn/Build/Intermediates.noindex/TermSnap.build/Release/TermSnap.build/TermSnap-all-target-headers.hmap -Xcc -iquote -Xcc /Users/lll/Library/Developer/Xcode/DerivedData/TermSnap-fhshqvlxjqvajwbzyeblkhuqtrgn/Build/Intermediates.noindex/TermSnap.build/Release/TermSnap.build/TermSnap-project-headers.hmap -Xcc -I/Users/lll/Library/Developer/Xcode/DerivedData/TermSnap-fhshqvlxjqvajwbzyeblkhuqtrgn/Build/Products/Release/include -Xcc -I/Users/lll/Library/Developer/Xcode/DerivedData/TermSnap-fhshqvlxjqvajwbzyeblkhuqtrgn/Build/Intermediates.noindex/TermSnap.build/Release/TermSnap.build/DerivedSources-normal/arm64 -Xcc -I/Users/lll/Library/Developer/Xcode/DerivedData/TermSnap-fhshqvlxjqvajwbzyeblkhuqtrgn/Build/Intermediates.noindex/TermSnap.build/Release/TermSnap.build/DerivedSources/arm64 -Xcc -I/Users/lll/Library/Developer/Xcode/DerivedData/TermSnap-fhshqvlxjqvajwbzyeblkhuqtrgn/Build/Intermediates.noindex/TermSnap.build/Release/TermSnap.build/DerivedSources -no-auto-bridging-header-chaining -module-name TermSnap -frontend-parseable-output -disable-clang-spi -target-sdk-version 26.2 -target-sdk-name macosx26.2 -clang-target arm64-apple-macos26.2 -in-process-plugin-server-path /Applications/Xcode.app/Contents/Developer/Toolchains/XcodeDefault.xctoolchain/usr/lib/swift/host/libSwiftInProcPluginServer.dylib -enable-default-cmo -num-threads 8 -o /Users/lll/Library/Developer/Xcode/DerivedData/TermSnap-fhshqvlxjqvajwbzyeblkhuqtrgn/Build/Intermediates.noindex/TermSnap.build/Release/TermSnap.build/Objects-normal/arm64/AnnotationShape.o -o /Users/lll/Library/Developer/Xcode/DerivedData/TermSnap-fhshqvlxjqvajwbzyeblkhuqtrgn/Build/Intermediates.noindex/TermSnap.build/Release/TermSnap.build/Objects-normal/arm64/AnnotationTool.o -o /Users/lll/Library/Developer/Xcode/DerivedData/TermSnap-fhshqvlxjqvajwbzyeblkhuqtrgn/Build/Intermediates.noindex/TermSnap.build/Release/TermSnap.build/Objects-normal/arm64/AnnotationToolbar.o -o /Users/lll/Library/Developer/Xcode/DerivedData/TermSnap-fhshqvlxjqvajwbzyeblkhuqtrgn/Build/Intermediates.noindex/TermSnap.build/Release/TermSnap.build/Objects-normal/arm64/AnnotationView.o -o /Users/lll/Library/Developer/Xcode/DerivedData/TermSnap-fhshqvlxjqvajwbzyeblkhuqtrgn/Build/Intermediates.noindex/TermSnap.build/Release/TermSnap.build/Objects-normal/arm64/ColorPalette.o -o /Users/lll/Library/Developer/Xcode/DerivedData/TermSnap-fhshqvlxjqvajwbzyeblkhuqtrgn/Build/Intermediates.noindex/TermSnap.build/Release/TermSnap.build/Objects-normal/arm64/ExportManager.o -o /Users/lll/Library/Developer/Xcode/DerivedData/TermSnap-fhshqvlxjqvajwbzyeblkhuqtrgn/Build/Intermediates.noindex/TermSnap.build/Release/TermSnap.build/Objects-normal/arm64/ExtensionGuideView.o -o /Users/lll/Library/Developer/Xcode/DerivedData/TermSnap-fhshqvlxjqvajwbzyeblkhuqtrgn/Build/Intermediates.noindex/TermSnap.build/Release/TermSnap.build/Objects-normal/arm64/AccessibilityEngine.o -o /Users/lll/Library/Developer/Xcode/DerivedData/TermSnap-fhshqvlxjqvajwbzyeblkhuqtrgn/Build/Intermediates.noindex/TermSnap.build/Release/TermSnap.build/Objects-normal/arm64/CaptureEngine.o -o /Users/lll/Library/Developer/Xcode/DerivedData/TermSnap-fhshqvlxjqvajwbzyeblkhuqtrgn/Build/Intermediates.noindex/TermSnap.build/Release/TermSnap.build/Objects-normal/arm64/ContentRectDetector.o -o /Users/lll/Library/Developer/Xcode/DerivedData/TermSnap-fhshqvlxjqvajwbzyeblkhuqtrgn/Build/Intermediates.noindex/TermSnap.build/Release/TermSnap.build/Objects-normal/arm64/MotionDifferencingEngine.o -o /Users/lll/Library/Developer/Xcode/DerivedData/TermSnap-fhshqvlxjqvajwbzyeblkhuqtrgn/Build/Intermediates.noindex/TermSnap.build/Release/TermSnap.build/Objects-normal/arm64/OverlayGeometry.o -o /Users/lll/Library/Developer/Xcode/DerivedData/TermSnap-fhshqvlxjqvajwbzyeblkhuqtrgn/Build/Intermediates.noindex/TermSnap.build/Release/TermSnap.build/Objects-normal/arm64/OverlayView.o -o /Users/lll/Library/Developer/Xcode/DerivedData/TermSnap-fhshqvlxjqvajwbzyeblkhuqtrgn/Build/Intermediates.noindex/TermSnap.build/Release/TermSnap.build/Objects-normal/arm64/OverlayWindow.o -o /Users/lll/Library/Developer/Xcode/DerivedData/TermSnap-fhshqvlxjqvajwbzyeblkhuqtrgn/Build/Intermediates.noindex/TermSnap.build/Release/TermSnap.build/Objects-normal/arm64/ScrollingPreviewPanel.o -o /Users/lll/Library/Developer/Xcode/DerivedData/TermSnap-fhshqvlxjqvajwbzyeblkhuqtrgn/Build/Intermediates.noindex/TermSnap.build/Release/TermSnap.build/Objects-normal/arm64/SelectionResizer.o -o /Users/lll/Library/Developer/Xcode/DerivedData/TermSnap-fhshqvlxjqvajwbzyeblkhuqtrgn/Build/Intermediates.noindex/TermSnap.build/Release/TermSnap.build/Objects-normal/arm64/StitchedAnnotationWindow.o -o /Users/lll/Library/Developer/Xcode/DerivedData/TermSnap-fhshqvlxjqvajwbzyeblkhuqtrgn/Build/Intermediates.noindex/TermSnap.build/Release/TermSnap.build/Objects-normal/arm64/StitchingEngine.o -o /Users/lll/Library/Developer/Xcode/DerivedData/TermSnap-fhshqvlxjqvajwbzyeblkhuqtrgn/Build/Intermediates.noindex/TermSnap.build/Release/TermSnap.build/Objects-normal/arm64/AppSettings.o -o /Users/lll/Library/Developer/Xcode/DerivedData/TermSnap-fhshqvlxjqvajwbzyeblkhuqtrgn/Build/Intermediates.noindex/TermSnap.build/Release/TermSnap.build/Objects-normal/arm64/SettingsView.o -o /Users/lll/Library/Developer/Xcode/DerivedData/TermSnap-fhshqvlxjqvajwbzyeblkhuqtrgn/Build/Intermediates.noindex/TermSnap.build/Release/TermSnap.build/Objects-normal/arm64/StatusBarController.o -o /Users/lll/Library/Developer/Xcode/DerivedData/TermSnap-fhshqvlxjqvajwbzyeblkhuqtrgn/Build/Intermediates.noindex/TermSnap.build/Release/TermSnap.build/Objects-normal/arm64/AppDelegate.o -o /Users/lll/Library/Developer/Xcode/DerivedData/TermSnap-fhshqvlxjqvajwbzyeblkhuqtrgn/Build/Intermediates.noindex/TermSnap.build/Release/TermSnap.build/Objects-normal/arm64/TerminalLauncher.o -o /Users/lll/Library/Developer/Xcode/DerivedData/TermSnap-fhshqvlxjqvajwbzyeblkhuqtrgn/Build/Intermediates.noindex/TermSnap.build/Release/TermSnap.build/Objects-normal/arm64/TermSnapApp.o -o /Users/lll/Library/Developer/Xcode/DerivedData/TermSnap-fhshqvlxjqvajwbzyeblkhuqtrgn/Build/Intermediates.noindex/TermSnap.build/Release/TermSnap.build/Objects-normal/arm64/GeneratedAssetSymbols.o -index-unit-output-path /TermSnap.build/Release/TermSnap.build/Objects-normal/arm64/AnnotationShape.o -index-unit-output-path /TermSnap.build/Release/TermSnap.build/Objects-normal/arm64/AnnotationTool.o -index-unit-output-path /TermSnap.build/Release/TermSnap.build/Objects-normal/arm64/AnnotationToolbar.o -index-unit-output-path /TermSnap.build/Release/TermSnap.build/Objects-normal/arm64/AnnotationView.o -index-unit-output-path /TermSnap.build/Release/TermSnap.build/Objects-normal/arm64/ColorPalette.o -index-unit-output-path /TermSnap.build/Release/TermSnap.build/Objects-normal/arm64/ExportManager.o -index-unit-output-path /TermSnap.build/Release/TermSnap.build/Objects-normal/arm64/ExtensionGuideView.o -index-unit-output-path /TermSnap.build/Release/TermSnap.build/Objects-normal/arm64/AccessibilityEngine.o -index-unit-output-path /TermSnap.build/Release/TermSnap.build/Objects-normal/arm64/CaptureEngine.o -index-unit-output-path /TermSnap.build/Release/TermSnap.build/Objects-normal/arm64/ContentRectDetector.o -index-unit-output-path /TermSnap.build/Release/TermSnap.build/Objects-normal/arm64/MotionDifferencingEngine.o -index-unit-output-path /TermSnap.build/Release/TermSnap.build/Objects-normal/arm64/OverlayGeometry.o -index-unit-output-path /TermSnap.build/Release/TermSnap.build/Objects-normal/arm64/OverlayView.o -index-unit-output-path /TermSnap.build/Release/TermSnap.build/Objects-normal/arm64/OverlayWindow.o -index-unit-output-path /TermSnap.build/Release/TermSnap.build/Objects-normal/arm64/ScrollingPreviewPanel.o -index-unit-output-path /TermSnap.build/Release/TermSnap.build/Objects-normal/arm64/SelectionResizer.o -index-unit-output-path /TermSnap.build/Release/TermSnap.build/Objects-normal/arm64/StitchedAnnotationWindow.o -index-unit-output-path /TermSnap.build/Release/TermSnap.build/Objects-normal/arm64/StitchingEngine.o -index-unit-output-path /TermSnap.build/Release/TermSnap.build/Objects-normal/arm64/AppSettings.o -index-unit-output-path /TermSnap.build/Release/TermSnap.build/Objects-normal/arm64/SettingsView.o -index-unit-output-path /TermSnap.build/Release/TermSnap.build/Objects-normal/arm64/StatusBarController.o -index-unit-output-path /TermSnap.build/Release/TermSnap.build/Objects-normal/arm64/AppDelegate.o -index-unit-output-path /TermSnap.build/Release/TermSnap.build/Objects-normal/arm64/TerminalLauncher.o -index-unit-output-path /TermSnap.build/Release/TermSnap.build/Objects-normal/arm64/TermSnapApp.o -index-unit-output-path /TermSnap.build/Release/TermSnap.build/Objects-normal/arm64/GeneratedAssetSymbols.o
** BUILD FAILED **


The following build commands failed:
	CompileSwift normal arm64 (in target 'TermSnap' from project 'TermSnap')
	SwiftCompile normal arm64 Compiling\ AnnotationShape.swift,\ AnnotationTool.swift,\ AnnotationToolbar.swift,\ AnnotationView.swift,\ ColorPalette.swift,\ ExportManager.swift,\ ExtensionGuideView.swift,\ AccessibilityEngine.swift,\ CaptureEngine.swift,\ ContentRectDetector.swift,\ MotionDifferencingEngine.swift,\ OverlayGeometry.swift,\ OverlayView.swift,\ OverlayWindow.swift,\ ScrollingPreviewPanel.swift,\ SelectionResizer.swift,\ StitchedAnnotationWindow.swift,\ StitchingEngine.swift,\ AppSettings.swift,\ SettingsView.swift,\ StatusBarController.swift,\ AppDelegate.swift,\ TerminalLauncher.swift,\ TermSnapApp.swift,\ GeneratedAssetSymbols.swift /Users/lll/Projects.localized/SwiftProjects/TermSnap/TermSnap/Annotation/AnnotationShape.swift /Users/lll/Projects.localized/SwiftProjects/TermSnap/TermSnap/Annotation/AnnotationTool.swift /Users/lll/Projects.localized/SwiftProjects/TermSnap/TermSnap/Annotation/AnnotationToolbar.swift /Users/lll/Projects.localized/SwiftProjects/TermSnap/TermSnap/Annotation/AnnotationView.swift /Users/lll/Projects.localized/SwiftProjects/TermSnap/TermSnap/Annotation/ColorPalette.swift /Users/lll/Projects.localized/SwiftProjects/TermSnap/TermSnap/Export/ExportManager.swift /Users/lll/Projects.localized/SwiftProjects/TermSnap/TermSnap/ExtensionGuide/ExtensionGuideView.swift /Users/lll/Projects.localized/SwiftProjects/TermSnap/TermSnap/Screenshot/AccessibilityEngine.swift /Users/lll/Projects.localized/SwiftProjects/TermSnap/TermSnap/Screenshot/CaptureEngine.swift /Users/lll/Projects.localized/SwiftProjects/TermSnap/TermSnap/Screenshot/ContentRectDetector.swift /Users/lll/Projects.localized/SwiftProjects/TermSnap/TermSnap/Screenshot/MotionDifferencingEngine.swift /Users/lll/Projects.localized/SwiftProjects/TermSnap/TermSnap/Screenshot/OverlayGeometry.swift /Users/lll/Projects.localized/SwiftProjects/TermSnap/TermSnap/Screenshot/OverlayView.swift /Users/lll/Projects.localized/SwiftProjects/TermSnap/TermSnap/Screenshot/OverlayWindow.swift /Users/lll/Projects.localized/SwiftProjects/TermSnap/TermSnap/Screenshot/ScrollingPreviewPanel.swift /Users/lll/Projects.localized/SwiftProjects/TermSnap/TermSnap/Screenshot/SelectionResizer.swift /Users/lll/Projects.localized/SwiftProjects/TermSnap/TermSnap/Screenshot/StitchedAnnotationWindow.swift /Users/lll/Projects.localized/SwiftProjects/TermSnap/TermSnap/Screenshot/StitchingEngine.swift /Users/lll/Projects.localized/SwiftProjects/TermSnap/TermSnap/Settings/AppSettings.swift /Users/lll/Projects.localized/SwiftProjects/TermSnap/TermSnap/Settings/SettingsView.swift /Users/lll/Projects.localized/SwiftProjects/TermSnap/TermSnap/StatusBar/StatusBarController.swift /Users/lll/Projects.localized/SwiftProjects/TermSnap/TermSnap/AppDelegate.swift /Users/lll/Projects.localized/SwiftProjects/TermSnap/TermSnap/TerminalLauncher.swift /Users/lll/Projects.localized/SwiftProjects/TermSnap/TermSnap/TermSnapApp.swift /Users/lll/Library/Developer/Xcode/DerivedData/TermSnap-fhshqvlxjqvajwbzyeblkhuqtrgn/Build/Intermediates.noindex/TermSnap.build/Release/TermSnap.build/DerivedSources/GeneratedAssetSymbols.swift /Applications/Xcode.app/Contents/Developer/Toolchains/XcodeDefault.xctoolchain/usr/lib/swift/macosx/prebuilt-modules/26.2/CoreText.swiftmodule/arm64e-apple-macos.swiftmodule /Applications/Xcode.app/Contents/Developer/Toolchains/XcodeDefault.xctoolchain/usr/lib/swift/macosx/prebuilt-modules/26.2/CoreGraphics.swiftmodule/arm64e-apple-macos.swiftmodule /Applications/Xcode.app/Contents/Developer/Toolchains/XcodeDefault.xctoolchain/usr/lib/swift/macosx/prebuilt-modules/26.2/Dispatch.swiftmodule/arm64e-apple-macos.swiftmodule /Applications/Xcode.app/Contents/Developer/Toolchains/XcodeDefault.xctoolchain/usr/lib/swift/macosx/prebuilt-modules/26.2/_Concurrency.swiftmodule/arm64e-apple-macos.swiftmodule /Applications/Xcode.app/Contents/Developer/Toolchains/XcodeDefault.xctoolchain/usr/lib/swift/macosx/prebuilt-modules/26.2/Accessibility.swiftmodule/arm64e-apple-macos.swiftmodule /Applications/Xcode.app/Contents/Developer/Toolchains/XcodeDefault.xctoolchain/usr/lib/swift/macosx/prebuilt-modules/26.2/CoreAudio.swiftmodule/arm64e-apple-macos.swiftmodule /Applications/Xcode.app/Contents/Developer/Toolchains/XcodeDefault.xctoolchain/usr/lib/swift/macosx/prebuilt-modules/26.2/IOKit.swiftmodule/arm64e-apple-macos.swiftmodule /Applications/Xcode.app/Contents/Developer/Toolchains/XcodeDefault.xctoolchain/usr/lib/swift/macosx/prebuilt-modules/26.2/AudioToolbox.swiftmodule/arm64e-apple-macos.swiftmodule /Applications/Xcode.app/Contents/Developer/Toolchains/XcodeDefault.xctoolchain/usr/lib/swift/macosx/prebuilt-modules/26.2/_StringProcessing.swiftmodule/arm64e-apple-macos.swiftmodule /Applications/Xcode.app/Contents/Developer/Toolchains/XcodeDefault.xctoolchain/usr/lib/swift/macosx/prebuilt-modules/26.2/Vision.swiftmodule/arm64e-apple-macos.swiftmodule /Applications/Xcode.app/Contents/Developer/Toolchains/XcodeDefault.xctoolchain/usr/lib/swift/macosx/prebuilt-modules/26.2/SwiftUICore.swiftmodule/arm64e-apple-macos.swiftmodule /Applications/Xcode.app/Contents/Developer/Toolchains/XcodeDefault.xctoolchain/usr/lib/swift/macosx/prebuilt-modules/26.2/Metal.swiftmodule/arm64e-apple-macos.swiftmodule /Applications/Xcode.app/Contents/Developer/Toolchains/XcodeDefault.xctoolchain/usr/lib/swift/macosx/prebuilt-modules/26.2/ScreenCaptureKit.swiftmodule/arm64e-apple-macos.swiftmodule /Applications/Xcode.app/Contents/Developer/Toolchains/XcodeDefault.xctoolchain/usr/lib/swift/macosx/prebuilt-modules/26.2/Darwin.swiftmodule/arm64e-apple-macos.swiftmodule /Applications/Xcode.app/Contents/Developer/Toolchains/XcodeDefault.xctoolchain/usr/lib/swift/macosx/prebuilt-modules/26.2/CoreVideo.swiftmodule/arm64e-apple-macos.swiftmodule /Applications/Xcode.app/Contents/Developer/Toolchains/XcodeDefault.xctoolchain/usr/lib/swift/macosx/prebuilt-modules/26.2/CoreML.swiftmodule/arm64e-apple-macos.swiftmodule /Applications/Xcode.app/Contents/Developer/Toolchains/XcodeDefault.xctoolchain/usr/lib/swift/macosx/prebuilt-modules/26.2/DeveloperToolsSupport.swiftmodule/arm64e-apple-macos.swiftmodule /Applications/Xcode.app/Contents/Developer/Toolchains/XcodeDefault.xctoolchain/usr/lib/swift/macosx/prebuilt-modules/26.2/_DarwinFoundation2.swiftmodule/arm64e-apple-macos.swiftmodule /Applications/Xcode.app/Contents/Developer/Toolchains/XcodeDefault.xctoolchain/usr/lib/swift/macosx/prebuilt-modules/26.2/AVFoundation.swiftmodule/arm64e-apple-macos.swiftmodule /Applications/Xcode.app/Contents/Developer/Toolchains/XcodeDefault.xctoolchain/usr/lib/swift/macosx/prebuilt-modules/26.2/Synchronization.swiftmodule/arm64e-apple-macos.swiftmodule /Applications/Xcode.app/Contents/Developer/Toolchains/XcodeDefault.xctoolchain/usr/lib/swift/macosx/prebuilt-modules/26.2/UniformTypeIdentifiers.swiftmodule/arm64e-apple-macos.swiftmodule /Applications/Xcode.app/Contents/Developer/Toolchains/XcodeDefault.xctoolchain/usr/lib/swift/macosx/prebuilt-modules/26.2/XPC.swiftmodule/arm64e-apple-macos.swiftmodule /Applications/Xcode.app/Contents/Developer/Toolchains/XcodeDefault.xctoolchain/usr/lib/swift/macosx/prebuilt-modules/26.2/AVFAudio.swiftmodule/arm64e-apple-macos.swiftmodule /Applications/Xcode.app/Contents/Developer/Toolchains/XcodeDefault.xctoolchain/usr/lib/swift/macosx/prebuilt-modules/26.2/CoreMIDI.swiftmodule/arm64e-apple-macos.swiftmodule /Applications/Xcode.app/Contents/Developer/Toolchains/XcodeDefault.xctoolchain/usr/lib/swift/macosx/prebuilt-modules/26.2/AppKit.swiftmodule/arm64e-apple-macos.swiftmodule /Applications/Xcode.app/Contents/Developer/Toolchains/XcodeDefault.xctoolchain/usr/lib/swift/macosx/prebuilt-modules/26.2/DataDetection.swiftmodule/arm64e-apple-macos.swiftmodule /Applications/Xcode.app/Contents/Developer/Toolchains/XcodeDefault.xctoolchain/usr/lib/swift/macosx/prebuilt-modules/26.2/_DarwinFoundation1.swiftmodule/arm64e-apple-macos.swiftmodule /Applications/Xcode.app/Contents/Developer/Toolchains/XcodeDefault.xctoolchain/usr/lib/swift/macosx/prebuilt-modules/26.2/SwiftUI.swiftmodule/arm64e-apple-macos.swiftmodule /Applications/Xcode.app/Contents/Developer/Toolchains/XcodeDefault.xctoolchain/usr/lib/swift/macosx/prebuilt-modules/26.2/Observation.swiftmodule/arm64e-apple-macos.swiftmodule /Applications/Xcode.app/Contents/Developer/Toolchains/XcodeDefault.xctoolchain/usr/lib/swift/macosx/prebuilt-modules/26.2/simd.swiftmodule/arm64e-apple-macos.swiftmodule /Applications/Xcode.app/Contents/Developer/Toolchains/XcodeDefault.xctoolchain/usr/lib/swift/macosx/prebuilt-modules/26.2/ObjectiveC.swiftmodule/arm64e-apple-macos.swiftmodule /Applications/Xcode.app/Contents/Developer/Toolchains/XcodeDefault.xctoolchain/usr/lib/swift/macosx/prebuilt-modules/26.2/_DarwinFoundation3.swiftmodule/arm64e-apple-macos.swiftmodule /Applications/Xcode.app/Contents/Developer/Toolchains/XcodeDefault.xctoolchain/usr/lib/swift/macosx/prebuilt-modules/26.2/OSLog.swiftmodule/arm64e-apple-macos.swiftmodule /Applications/Xcode.app/Contents/Developer/Toolchains/XcodeDefault.xctoolchain/usr/lib/swift/macosx/prebuilt-modules/26.2/_Builtin_float.swiftmodule/arm64e-apple-macos.swiftmodule /Applications/Xcode.app/Contents/Developer/Toolchains/XcodeDefault.xctoolchain/usr/lib/swift/macosx/prebuilt-modules/26.2/QuartzCore.swiftmodule/arm64e-apple-macos.swiftmodule /Applications/Xcode.app/Contents/Developer/Toolchains/XcodeDefault.xctoolchain/usr/lib/swift/macosx/prebuilt-modules/26.2/CoreFoundation.swiftmodule/arm64e-apple-macos.swiftmodule /Applications/Xcode.app/Contents/Developer/Toolchains/XcodeDefault.xctoolchain/usr/lib/swift/macosx/prebuilt-modules/26.2/System.swiftmodule/arm64e-apple-macos.swiftmodule /Applications/Xcode.app/Contents/Developer/Toolchains/XcodeDefault.xctoolchain/usr/lib/swift/macosx/prebuilt-modules/26.2/os.swiftmodule/arm64e-apple-macos.swiftmodule /Applications/Xcode.app/Contents/Developer/Toolchains/XcodeDefault.xctoolchain/usr/lib/swift/macosx/prebuilt-modules/26.2/Foundation.swiftmodule/arm64e-apple-macos.swiftmodule /Applications/Xcode.app/Contents/Developer/Toolchains/XcodeDefault.xctoolchain/usr/lib/swift/macosx/prebuilt-modules/26.2/CoreMedia.swiftmodule/arm64e-apple-macos.swiftmodule /Applications/Xcode.app/Contents/Developer/Toolchains/XcodeDefault.xctoolchain/usr/lib/swift/macosx/prebuilt-modules/26.2/CoreTransferable.swiftmodule/arm64e-apple-macos.swiftmodule /Applications/Xcode.app/Contents/Developer/Toolchains/XcodeDefault.xctoolchain/usr/lib/swift/macosx/prebuilt-modules/26.2/Accelerate.swiftmodule/arm64e-apple-macos.swiftmodule /Applications/Xcode.app/Contents/Developer/Toolchains/XcodeDefault.xctoolchain/usr/lib/swift/macosx/prebuilt-modules/26.2/CoreImage.swiftmodule/arm64e-apple-macos.swiftmodule /Applications/Xcode.app/Contents/Developer/Toolchains/XcodeDefault.xctoolchain/usr/lib/swift/macosx/prebuilt-modules/26.2/Symbols.swiftmodule/arm64e-apple-macos.swiftmodule /Applications/Xcode.app/Contents/Developer/Toolchains/XcodeDefault.xctoolchain/usr/lib/swift/macosx/prebuilt-modules/26.2/Combine.swiftmodule/arm64e-apple-macos.swiftmodule /Applications/Xcode.app/Contents/Developer/Toolchains/XcodeDefault.xctoolchain/usr/lib/swift/macosx/prebuilt-modules/26.2/Spatial.swiftmodule/arm64e-apple-macos.swiftmodule /Applications/Xcode.app/Contents/Developer/Toolchains/XcodeDefault.xctoolchain/usr/lib/swift/macosx/prebuilt-modules/26.2/CoreData.swiftmodule/arm64e-apple-macos.swiftmodule /Applications/Xcode.app/Contents/Developer/Toolchains/XcodeDefault.xctoolchain/usr/lib/swift/macosx/prebuilt-modules/26.2/Swift.swiftmodule/arm64e-apple-macos.swiftmodule /Users/lll/Library/Developer/Xcode/DerivedData/ModuleCache.noindex/CoreML-6X747Q0NR2UPZUZTR1MUV5MP.pcm /Users/lll/Library/Developer/Xcode/DerivedData/ModuleCache.noindex/ApplicationServices-1T8RM974UE2582E6NSULVL09A.pcm /Users/lll/Library/Developer/Xcode/DerivedData/ModuleCache.noindex/os-C8D1ZW8IU0R6DH6LLKUW8NXPO.pcm /Users/lll/Library/Developer/Xcode/DerivedData/ModuleCache.noindex/CoreTransferable-E56G6R1FB6D1MM4Z3ZQC96P0I.pcm /Users/lll/Library/Developer/Xcode/DerivedData/ModuleCache.noindex/Accelerate-12XPS4YEIMSOCS3UXI4H7YSBG.pcm /Users/lll/Library/Developer/Xcode/DerivedData/ModuleCache.noindex/DiskArbitration-4XWTAMCL8KLDT5NGELSP5OBYM.pcm /Users/lll/Library/Developer/Xcode/DerivedData/ModuleCache.noindex/_Builtin_tgmath-9ULLXBHRFH80LHAXUWBZDWWGF.pcm /Users/lll/Library/Developer/Xcode/DerivedData/ModuleCache.noindex/SwiftShims-40UZ8NZFRWU80J5HZ3SWOX0PA.pcm /Users/lll/Library/Developer/Xcode/DerivedData/ModuleCache.noindex/ObjectiveC-5NB564RSLHSAY0VJ1AWG0SG6Y.pcm /Users/lll/Library/Developer/Xcode/DerivedData/ModuleCache.noindex/XPC-9EE6LHT1KDMICSEWSZI5MFOM2.pcm /Users/lll/Library/Developer/Xcode/DerivedData/ModuleCache.noindex/Spatial-8TYUIU18TURQBJ6QFB40C7T8X.pcm /Users/lll/Library/Developer/Xcode/DerivedData/ModuleCache.noindex/_DarwinFoundation1-6I2SCBYYTRWTEVDVZFDAUCRR5.pcm /Users/lll/Library/Developer/Xcode/DerivedData/ModuleCache.noindex/CoreGraphics-A5AN6SUBK44GSFAHV6GC73SYN.pcm /Users/lll/Library/Developer/Xcode/DerivedData/ModuleCache.noindex/Foundation-3B67W8305NV7IQ45DDNQYM15T.pcm /Users/lll/Library/Developer/Xcode/DerivedData/ModuleCache.noindex/_Builtin_float-6B7I85C25ZPZAI2DCTN52CWBV.pcm /Users/lll/Library/Developer/Xcode/DerivedData/ModuleCache.noindex/MachO-ZEE70P23UFFAK7IDJ9O1ZAL0.pcm /Users/lll/Library/Developer/Xcode/DerivedData/ModuleCache.noindex/AVFAudio-6TU4T1DQ7OUMZI2KLEE0EYRV9.pcm /Users/lll/Library/Developer/Xcode/DerivedData/ModuleCache.noindex/ptrcheck-A6LFSC5I5CHP6IC1Z6CRP021S.pcm /Users/lll/Library/Developer/Xcode/DerivedData/ModuleCache.noindex/CFNetwork-2HUGNOEMMPR8RE4STQUOXSY4K.pcm /Users/lll/Library/Developer/Xcode/DerivedData/ModuleCache.noindex/ptrauth-DS6HW4IN1MM5VKUJ7FG2Q57GW.pcm /Users/lll/Library/Developer/Xcode/DerivedData/ModuleCache.noindex/_Builtin_intrinsics-EBRQJBT3BL7Y6PE92XQIR2DGQ.pcm /Users/lll/Library/Developer/Xcode/DerivedData/ModuleCache.noindex/Security-E12ORT9ZTSRRW8SFCPWVR8LAD.pcm /Users/lll/Library/Developer/Xcode/DerivedData/ModuleCache.noindex/OpenGL-4U1MFYUVH8XSED9UQ230WXCKR.pcm /Users/lll/Library/Developer/Xcode/DerivedData/ModuleCache.noindex/OSLog-B04HDFHSPHFXQ85QVUA6Q4YZN.pcm /Users/lll/Library/Developer/Xcode/DerivedData/ModuleCache.noindex/CoreServices-CJROQD7D6R87MHL1YXJAG4PEY.pcm /Users/lll/Library/Developer/Xcode/DerivedData/ModuleCache.noindex/Accessibility-1DQ9P9LOCYI2RN29NIWG7X87H.pcm /Users/lll/Library/Developer/Xcode/DerivedData/ModuleCache.noindex/_Builtin_stdint-ABMQHO7C0S8HSKD0QJGH6OD8M.pcm /Users/lll/Library/Developer/Xcode/DerivedData/ModuleCache.noindex/DeveloperToolsSupport-EJFWABIH7ZNBNGKHLL3FJQ8HZ.pcm /Users/lll/Library/Developer/Xcode/DerivedData/ModuleCache.noindex/Metal-DIXKINWQF2ZOKO2DO80MVG1WN.pcm /Users/lll/Library/Developer/Xcode/DerivedData/ModuleCache.noindex/_DarwinFoundation3-DUOYG2JADKB2KMTVHUCYNQ9TM.pcm /Users/lll/Library/Developer/Xcode/DerivedData/ModuleCache.noindex/QuartzCore-3DGUIM9PRZXLQSA38DW73270O.pcm /Users/lll/Library/Developer/Xcode/DerivedData/ModuleCache.noindex/ColorSync-37MD6JIZT16ZWN8BLSX1MIO7S.pcm /Users/lll/Library/Developer/Xcode/DerivedData/ModuleCache.noindex/SwiftUI-1UKHQERUSFJZMD05MXFDYTHZE.pcm /Users/lll/Library/Developer/Xcode/DerivedData/ModuleCache.noindex/ScreenCaptureKit-1Y1K6V7LMUCTXJQEMIST9CJZE.pcm /Users/lll/Library/Developer/Xcode/DerivedData/ModuleCache.noindex/CoreImage-4PTLXYC1FLQIF5Y6SOBQQX2KH.pcm /Users/lll/Library/Developer/Xcode/DerivedData/ModuleCache.noindex/Darwin-9FEJ583E4AUJP23IDVX7UP57M.pcm /Users/lll/Library/Developer/Xcode/DerivedData/ModuleCache.noindex/UniformTypeIdentifiers-CCCV0KABHPCUETG514NWPI7MR.pcm /Users/lll/Library/Developer/Xcode/DerivedData/ModuleCache.noindex/libDER-9RB8UZCWS0JDUVZLV600Z4AWD.pcm /Users/lll/Library/Developer/Xcode/DerivedData/ModuleCache.noindex/AudioToolbox-ACTEE9RO8U4IEUKFSN3DOOHOB.pcm /Users/lll/Library/Developer/Xcode/DerivedData/ModuleCache.noindex/CoreAudio-3NZ1J780FWLWSEVYS56Q56HFR.pcm /Users/lll/Library/Developer/Xcode/DerivedData/ModuleCache.noindex/IOSurface-Q0VBYTJCX6TPGR8VCZ7OPFPW.pcm /Users/lll/Library/Developer/Xcode/DerivedData/ModuleCache.noindex/CoreMedia-CSLVQCYJPI0A1BYEMNBIWT02H.pcm /Users/lll/Library/Developer/Xcode/DerivedData/ModuleCache.noindex/AVFoundation-EQTIZC8JDJ5TH73S52HM7AF5Y.pcm /Users/lll/Library/Developer/Xcode/DerivedData/ModuleCache.noindex/CoreVideo-C9FVA9FWUPV9J7ARGE9NJARNB.pcm /Users/lll/Library/Developer/Xcode/DerivedData/ModuleCache.noindex/DataDetection-4F46AK24HUU6VFHYCD1R7I797.pcm /Users/lll/Library/Developer/Xcode/DerivedData/ModuleCache.noindex/ImageIO-60TNVGFMBUX8BAQQVO9XTUFUT.pcm /Users/lll/Library/Developer/Xcode/DerivedData/ModuleCache.noindex/SwiftUICore-6Y3HZMOMUJMU19KCDFPV7LYK.pcm /Users/lll/Library/Developer/Xcode/DerivedData/ModuleCache.noindex/AppKit-EQK4LHP2KXZV8VY10BB4H0UA6.pcm /Users/lll/Library/Developer/Xcode/DerivedData/ModuleCache.noindex/launch-6KUQJMU3II6ORSA4NQX2YB4NM.pcm /Users/lll/Library/Developer/Xcode/DerivedData/ModuleCache.noindex/sys_types-94FN7FP3NQLPIOGBC2KWALSCP.pcm /Users/lll/Library/Developer/Xcode/DerivedData/ModuleCache.noindex/Vision-BNMW3859ZIMQEMXKLQGAHR1EJ.pcm /Users/lll/Library/Developer/Xcode/DerivedData/ModuleCache.noindex/_Builtin_stdbool-5BVTRGEWZ1LQUDFE4Y6ZI5T7H.pcm /Users/lll/Library/Developer/Xcode/DerivedData/ModuleCache.noindex/os_workgroup-1MM9SA3H6HOIW3EE7ZCRQMTAQ.pcm /Users/lll/Library/Developer/Xcode/DerivedData/ModuleCache.noindex/_Builtin_stddef-EMMNMI4RLY0K9D1KWN8IZDIJ.pcm /Users/lll/Library/Developer/Xcode/DerivedData/ModuleCache.noindex/_Builtin_stdarg-D3KIG91DFO8ZO2ES477VQW22H.pcm /Users/lll/Library/Developer/Xcode/DerivedData/ModuleCache.noindex/_SwiftConcurrencyShims-13A69468D1UNWWVRONKUM79MB.pcm /Users/lll/Library/Developer/Xcode/DerivedData/ModuleCache.noindex/Cocoa-2Y14IYX8X9D8YCC975CPHUOLO.pcm /Users/lll/Library/Developer/Xcode/DerivedData/ModuleCache.noindex/os_object-80ZIL43H1NUII8CS2HRMTRAE5.pcm /Users/lll/Library/Developer/Xcode/DerivedData/ModuleCache.noindex/CoreText-E3RZU7DL5LIP9KK5AWFUFINQ5.pcm /Users/lll/Library/Developer/Xcode/DerivedData/ModuleCache.noindex/CoreMIDI-39ERH3GOQ086PFNAJ8ED2CC1X.pcm /Users/lll/Library/Developer/Xcode/DerivedData/ModuleCache.noindex/Dispatch-4PST5S2S187IB8X7W1FPQJRVC.pcm /Users/lll/Library/Developer/Xcode/DerivedData/ModuleCache.noindex/CUPS-1OGW5QHU1F2IZ1G3ERZ77Y79S.pcm /Users/lll/Library/Developer/Xcode/DerivedData/ModuleCache.noindex/CoreAudioTypes-4IDBMA28U7MN4U5E1T2DHYK0.pcm /Users/lll/Library/Developer/Xcode/DerivedData/ModuleCache.noindex/MediaToolbox-EGZNN5BJ8WGDBWP89B1EDGX9M.pcm /Users/lll/Library/Developer/Xcode/DerivedData/ModuleCache.noindex/IOKit-645S1JZUY2I66F4EJUSVXWF8V.pcm /Users/lll/Library/Developer/Xcode/DerivedData/ModuleCache.noindex/_Builtin_inttypes-28LMKAQGV8DEVWEOCJM27JTI3.pcm /Users/lll/Library/Developer/Xcode/DerivedData/ModuleCache.noindex/_AvailabilityInternal-C9DOEF848SODW9SO6YAQHP3H2.pcm /Users/lll/Library/Developer/Xcode/DerivedData/ModuleCache.noindex/Carbon-D0HN1VI4CU604M0KTKUK1TZJ5.pcm /Users/lll/Library/Developer/Xcode/DerivedData/ModuleCache.noindex/_DarwinFoundation2-AKRFXEY28NU4QDE5EH8GUIY7Q.pcm /Users/lll/Library/Developer/Xcode/DerivedData/ModuleCache.noindex/simd-90UX661BP9TA387LB55H7QVCD.pcm /Users/lll/Library/Developer/Xcode/DerivedData/ModuleCache.noindex/libkern-ATD65QMAUSLRI4Z0X93FTWINE.pcm /Users/lll/Library/Developer/Xcode/DerivedData/ModuleCache.noindex/_Builtin_limits-B1MTCA7VZ3AZGDYAEGB4JJZBL.pcm /Users/lll/Library/Developer/Xcode/DerivedData/ModuleCache.noindex/Symbols-9PDZV8OZ6AVRKR83H1ON36TIT.pcm /Users/lll/Library/Developer/Xcode/DerivedData/ModuleCache.noindex/_Builtin_stdatomic-CQ3GWGPLO1L0CV4T4UASFG5IA.pcm /Users/lll/Library/Developer/Xcode/DerivedData/ModuleCache.noindex/CoreData-1DBCS013CU1NV416BYINKDRI4.pcm /Users/lll/Library/Developer/Xcode/DerivedData/ModuleCache.noindex/CoreFoundation-CJZOX2S47MYRJG1IV5HKPH5VY.pcm /Users/lll/Library/Developer/Xcode/DerivedData/TermSnap-fhshqvlxjqvajwbzyeblkhuqtrgn/Build/Intermediates.noindex/TermSnap.build/Release/TermSnap.build/Objects-normal/arm64/TermSnap-dependencies-1.json (in target 'TermSnap' from project 'TermSnap')
	Building project TermSnap with scheme TermSnap and configuration Release
(3 failures)
