Command line invocation:
    /Applications/Xcode.app/Contents/Developer/usr/bin/xcodebuild -project TermSnap.xcodeproj -scheme TermSnap test "-only-testing:TermSnapTests/StitchingEngineTests/testStitchingPipelineWithPatterns"

--- xcodebuild: WARNING: Using the first of multiple matching destinations:
{ platform:macOS, arch:arm64, id:00008112-0001090E1E7BA01E, name:My Mac }
{ platform:macOS, arch:x86_64, id:00008112-0001090E1E7BA01E, name:My Mac }
{ platform:macOS, name:Any Mac }
ComputePackagePrebuildTargetDependencyGraph

Prepare packages

CreateBuildRequest

SendProjectDescription

CreateBuildOperation

ComputeTargetDependencyGraph
note: Building targets in dependency order
note: Target dependency graph (4 targets)
    Target 'TermSnapUITests' in project 'TermSnap'
        ➜ Explicit dependency on target 'TermSnap' in project 'TermSnap'
    Target 'TermSnapTests' in project 'TermSnap'
        ➜ Explicit dependency on target 'TermSnap' in project 'TermSnap'
    Target 'TermSnap' in project 'TermSnap'
        ➜ Explicit dependency on target 'TermSnapFinderExtension' in project 'TermSnap'
    Target 'TermSnapFinderExtension' in project 'TermSnap' (no dependencies)

GatherProvisioningInputs

CreateBuildDescription

ExecuteExternalTool /Applications/Xcode.app/Contents/Developer/Toolchains/XcodeDefault.xctoolchain/usr/bin/swiftc --version

ExecuteExternalTool /Applications/Xcode.app/Contents/Developer/Toolchains/XcodeDefault.xctoolchain/usr/bin/clang -v -E -dM -isysroot /Applications/Xcode.app/Contents/Developer/Platforms/MacOSX.platform/Developer/SDKs/MacOSX26.2.sdk -x c -c /dev/null

ExecuteExternalTool /Applications/Xcode.app/Contents/Developer/usr/bin/actool --version --output-format xml1

ExecuteExternalTool /Applications/Xcode.app/Contents/Developer/Toolchains/XcodeDefault.xctoolchain/usr/bin/ld -version_details

Build description signature: c4e6120557234e88ff385dd88814cc36
Build description path: /Users/lll/Library/Developer/Xcode/DerivedData/TermSnap-fhshqvlxjqvajwbzyeblkhuqtrgn/Build/Intermediates.noindex/XCBuildData/c4e6120557234e88ff385dd88814cc36.xcbuilddata
ClangStatCache /Applications/Xcode.app/Contents/Developer/Toolchains/XcodeDefault.xctoolchain/usr/bin/clang-stat-cache /Applications/Xcode.app/Contents/Developer/Platforms/MacOSX.platform/Developer/SDKs/MacOSX26.2.sdk /Users/lll/Library/Developer/Xcode/DerivedData/SDKStatCaches.noindex/macosx26.2-25C58-00fa09913b459cbbc988d1f6730289ae.sdkstatcache
    cd /Users/lll/Projects.localized/SwiftProjects/TermSnap/TermSnap.xcodeproj
    /Applications/Xcode.app/Contents/Developer/Toolchains/XcodeDefault.xctoolchain/usr/bin/clang-stat-cache /Applications/Xcode.app/Contents/Developer/Platforms/MacOSX.platform/Developer/SDKs/MacOSX26.2.sdk -o /Users/lll/Library/Developer/Xcode/DerivedData/SDKStatCaches.noindex/macosx26.2-25C58-00fa09913b459cbbc988d1f6730289ae.sdkstatcache

ProcessInfoPlistFile /Users/lll/Library/Developer/Xcode/DerivedData/TermSnap-fhshqvlxjqvajwbzyeblkhuqtrgn/Build/Products/Debug/TermSnapFinderExtension.appex/Contents/Info.plist /Users/lll/Projects.localized/SwiftProjects/TermSnap/TermSnapFinderExtension/Info.plist (in target 'TermSnapFinderExtension' from project 'TermSnap')
    cd /Users/lll/Projects.localized/SwiftProjects/TermSnap
    builtin-infoPlistUtility /Users/lll/Projects.localized/SwiftProjects/TermSnap/TermSnapFinderExtension/Info.plist -producttype com.apple.product-type.app-extension -expandbuildsettings -platform macosx -o /Users/lll/Library/Developer/Xcode/DerivedData/TermSnap-fhshqvlxjqvajwbzyeblkhuqtrgn/Build/Products/Debug/TermSnapFinderExtension.appex/Contents/Info.plist

SwiftDriver TermSnap normal arm64 com.apple.xcode.tools.swift.compiler (in target 'TermSnap' from project 'TermSnap')
    cd /Users/lll/Projects.localized/SwiftProjects/TermSnap
    builtin-SwiftDriver -- /Applications/Xcode.app/Contents/Developer/Toolchains/XcodeDefault.xctoolchain/usr/bin/swiftc -module-name TermSnap -Onone -enforce-exclusivity\=checked @/Users/lll/Library/Developer/Xcode/DerivedData/TermSnap-fhshqvlxjqvajwbzyeblkhuqtrgn/Build/Intermediates.noindex/TermSnap.build/Debug/TermSnap.build/Objects-normal/arm64/TermSnap.SwiftFileList -DDEBUG -default-isolation\=MainActor -enable-bare-slash-regex -enable-upcoming-feature DisableOutwardActorInference -enable-upcoming-feature InferSendableFromCaptures -enable-upcoming-feature GlobalActorIsolatedTypesUsability -enable-upcoming-feature MemberImportVisibility -enable-upcoming-feature InferIsolatedConformances -enable-upcoming-feature NonisolatedNonsendingByDefault -enable-experimental-feature DebugDescriptionMacro -sdk /Applications/Xcode.app/Contents/Developer/Platforms/MacOSX.platform/Developer/SDKs/MacOSX26.2.sdk -target arm64-apple-macos14.6 -g -module-cache-path /Users/lll/Library/Developer/Xcode/DerivedData/ModuleCache.noindex -Xfrontend -serialize-debugging-options -profile-coverage-mapping -profile-generate -enable-testing -index-store-path /Users/lll/Library/Developer/Xcode/DerivedData/TermSnap-fhshqvlxjqvajwbzyeblkhuqtrgn/Index.noindex/DataStore -Xcc -D_LIBCPP_HARDENING_MODE\=_LIBCPP_HARDENING_MODE_DEBUG -swift-version 5 -I /Users/lll/Library/Developer/Xcode/DerivedData/TermSnap-fhshqvlxjqvajwbzyeblkhuqtrgn/Build/Products/Debug -F /Users/lll/Library/Developer/Xcode/DerivedData/TermSnap-fhshqvlxjqvajwbzyeblkhuqtrgn/Build/Products/Debug -emit-localized-strings -emit-localized-strings-path /Users/lll/Library/Developer/Xcode/DerivedData/TermSnap-fhshqvlxjqvajwbzyeblkhuqtrgn/Build/Intermediates.noindex/TermSnap.build/Debug/TermSnap.build/Objects-normal/arm64 -c -j8 -enable-batch-mode -incremental -Xcc -ivfsstatcache -Xcc /Users/lll/Library/Developer/Xcode/DerivedData/SDKStatCaches.noindex/macosx26.2-25C58-00fa09913b459cbbc988d1f6730289ae.sdkstatcache -output-file-map /Users/lll/Library/Developer/Xcode/DerivedData/TermSnap-fhshqvlxjqvajwbzyeblkhuqtrgn/Build/Intermediates.noindex/TermSnap.build/Debug/TermSnap.build/Objects-normal/arm64/TermSnap-OutputFileMap.json -use-frontend-parseable-output -save-temps -no-color-diagnostics -explicit-module-build -module-cache-path /Users/lll/Library/Developer/Xcode/DerivedData/TermSnap-fhshqvlxjqvajwbzyeblkhuqtrgn/Build/Intermediates.noindex/SwiftExplicitPrecompiledModules -clang-scanner-module-cache-path /Users/lll/Library/Developer/Xcode/DerivedData/ModuleCache.noindex -sdk-module-cache-path /Users/lll/Library/Developer/Xcode/DerivedData/ModuleCache.noindex -serialize-diagnostics -emit-dependencies -emit-module -emit-module-path /Users/lll/Library/Developer/Xcode/DerivedData/TermSnap-fhshqvlxjqvajwbzyeblkhuqtrgn/Build/Intermediates.noindex/TermSnap.build/Debug/TermSnap.build/Objects-normal/arm64/TermSnap.swiftmodule -validate-clang-modules-once -clang-build-session-file /Users/lll/Library/Developer/Xcode/DerivedData/ModuleCache.noindex/Session.modulevalidation -Xcc -I/Users/lll/Library/Developer/Xcode/DerivedData/TermSnap-fhshqvlxjqvajwbzyeblkhuqtrgn/Build/Intermediates.noindex/TermSnap.build/Debug/TermSnap.build/swift-overrides.hmap -emit-const-values -Xfrontend -const-gather-protocols-file -Xfrontend /Users/lll/Library/Developer/Xcode/DerivedData/TermSnap-fhshqvlxjqvajwbzyeblkhuqtrgn/Build/Intermediates.noindex/TermSnap.build/Debug/TermSnap.build/Objects-normal/arm64/TermSnap_const_extract_protocols.json -Xcc -iquote -Xcc /Users/lll/Library/Developer/Xcode/DerivedData/TermSnap-fhshqvlxjqvajwbzyeblkhuqtrgn/Build/Intermediates.noindex/TermSnap.build/Debug/TermSnap.build/TermSnap-generated-files.hmap -Xcc -I/Users/lll/Library/Developer/Xcode/DerivedData/TermSnap-fhshqvlxjqvajwbzyeblkhuqtrgn/Build/Intermediates.noindex/TermSnap.build/Debug/TermSnap.build/TermSnap-own-target-headers.hmap -Xcc -I/Users/lll/Library/Developer/Xcode/DerivedData/TermSnap-fhshqvlxjqvajwbzyeblkhuqtrgn/Build/Intermediates.noindex/TermSnap.build/Debug/TermSnap.build/TermSnap-all-target-headers.hmap -Xcc -iquote -Xcc /Users/lll/Library/Developer/Xcode/DerivedData/TermSnap-fhshqvlxjqvajwbzyeblkhuqtrgn/Build/Intermediates.noindex/TermSnap.build/Debug/TermSnap.build/TermSnap-project-headers.hmap -Xcc -I/Users/lll/Library/Developer/Xcode/DerivedData/TermSnap-fhshqvlxjqvajwbzyeblkhuqtrgn/Build/Products/Debug/include -Xcc -I/Users/lll/Library/Developer/Xcode/DerivedData/TermSnap-fhshqvlxjqvajwbzyeblkhuqtrgn/Build/Intermediates.noindex/TermSnap.build/Debug/TermSnap.build/DerivedSources-normal/arm64 -Xcc -I/Users/lll/Library/Developer/Xcode/DerivedData/TermSnap-fhshqvlxjqvajwbzyeblkhuqtrgn/Build/Intermediates.noindex/TermSnap.build/Debug/TermSnap.build/DerivedSources/arm64 -Xcc -I/Users/lll/Library/Developer/Xcode/DerivedData/TermSnap-fhshqvlxjqvajwbzyeblkhuqtrgn/Build/Intermediates.noindex/TermSnap.build/Debug/TermSnap.build/DerivedSources -Xcc -DDEBUG\=1 -emit-objc-header -emit-objc-header-path /Users/lll/Library/Developer/Xcode/DerivedData/TermSnap-fhshqvlxjqvajwbzyeblkhuqtrgn/Build/Intermediates.noindex/TermSnap.build/Debug/TermSnap.build/Objects-normal/arm64/TermSnap-Swift.h -working-directory /Users/lll/Projects.localized/SwiftProjects/TermSnap -experimental-emit-module-separately -disable-cmo

SwiftCompile normal arm64 Compiling\ MotionDifferencingEngine.swift /Users/lll/Projects.localized/SwiftProjects/TermSnap/TermSnap/Screenshot/MotionDifferencingEngine.swift (in target 'TermSnap' from project 'TermSnap')

SwiftCompile normal arm64 /Users/lll/Projects.localized/SwiftProjects/TermSnap/TermSnap/Screenshot/MotionDifferencingEngine.swift (in target 'TermSnap' from project 'TermSnap')
    cd /Users/lll/Projects.localized/SwiftProjects/TermSnap
    

SwiftEmitModule normal arm64 Emitting\ module\ for\ TermSnap (in target 'TermSnap' from project 'TermSnap')
EmitSwiftModule normal arm64 (in target 'TermSnap' from project 'TermSnap')
    cd /Users/lll/Projects.localized/SwiftProjects/TermSnap
    

SwiftDriverJobDiscovery normal arm64 Compiling MotionDifferencingEngine.swift (in target 'TermSnap' from project 'TermSnap')

SwiftDriver\ Compilation TermSnap normal arm64 com.apple.xcode.tools.swift.compiler (in target 'TermSnap' from project 'TermSnap')
    cd /Users/lll/Projects.localized/SwiftProjects/TermSnap
    builtin-Swift-Compilation -- /Applications/Xcode.app/Contents/Developer/Toolchains/XcodeDefault.xctoolchain/usr/bin/swiftc -module-name TermSnap -Onone -enforce-exclusivity\=checked @/Users/lll/Library/Developer/Xcode/DerivedData/TermSnap-fhshqvlxjqvajwbzyeblkhuqtrgn/Build/Intermediates.noindex/TermSnap.build/Debug/TermSnap.build/Objects-normal/arm64/TermSnap.SwiftFileList -DDEBUG -default-isolation\=MainActor -enable-bare-slash-regex -enable-upcoming-feature DisableOutwardActorInference -enable-upcoming-feature InferSendableFromCaptures -enable-upcoming-feature GlobalActorIsolatedTypesUsability -enable-upcoming-feature MemberImportVisibility -enable-upcoming-feature InferIsolatedConformances -enable-upcoming-feature NonisolatedNonsendingByDefault -enable-experimental-feature DebugDescriptionMacro -sdk /Applications/Xcode.app/Contents/Developer/Platforms/MacOSX.platform/Developer/SDKs/MacOSX26.2.sdk -target arm64-apple-macos14.6 -g -module-cache-path /Users/lll/Library/Developer/Xcode/DerivedData/ModuleCache.noindex -Xfrontend -serialize-debugging-options -profile-coverage-mapping -profile-generate -enable-testing -index-store-path /Users/lll/Library/Developer/Xcode/DerivedData/TermSnap-fhshqvlxjqvajwbzyeblkhuqtrgn/Index.noindex/DataStore -Xcc -D_LIBCPP_HARDENING_MODE\=_LIBCPP_HARDENING_MODE_DEBUG -swift-version 5 -I /Users/lll/Library/Developer/Xcode/DerivedData/TermSnap-fhshqvlxjqvajwbzyeblkhuqtrgn/Build/Products/Debug -F /Users/lll/Library/Developer/Xcode/DerivedData/TermSnap-fhshqvlxjqvajwbzyeblkhuqtrgn/Build/Products/Debug -emit-localized-strings -emit-localized-strings-path /Users/lll/Library/Developer/Xcode/DerivedData/TermSnap-fhshqvlxjqvajwbzyeblkhuqtrgn/Build/Intermediates.noindex/TermSnap.build/Debug/TermSnap.build/Objects-normal/arm64 -c -j8 -enable-batch-mode -incremental -Xcc -ivfsstatcache -Xcc /Users/lll/Library/Developer/Xcode/DerivedData/SDKStatCaches.noindex/macosx26.2-25C58-00fa09913b459cbbc988d1f6730289ae.sdkstatcache -output-file-map /Users/lll/Library/Developer/Xcode/DerivedData/TermSnap-fhshqvlxjqvajwbzyeblkhuqtrgn/Build/Intermediates.noindex/TermSnap.build/Debug/TermSnap.build/Objects-normal/arm64/TermSnap-OutputFileMap.json -use-frontend-parseable-output -save-temps -no-color-diagnostics -explicit-module-build -module-cache-path /Users/lll/Library/Developer/Xcode/DerivedData/TermSnap-fhshqvlxjqvajwbzyeblkhuqtrgn/Build/Intermediates.noindex/SwiftExplicitPrecompiledModules -clang-scanner-module-cache-path /Users/lll/Library/Developer/Xcode/DerivedData/ModuleCache.noindex -sdk-module-cache-path /Users/lll/Library/Developer/Xcode/DerivedData/ModuleCache.noindex -serialize-diagnostics -emit-dependencies -emit-module -emit-module-path /Users/lll/Library/Developer/Xcode/DerivedData/TermSnap-fhshqvlxjqvajwbzyeblkhuqtrgn/Build/Intermediates.noindex/TermSnap.build/Debug/TermSnap.build/Objects-normal/arm64/TermSnap.swiftmodule -validate-clang-modules-once -clang-build-session-file /Users/lll/Library/Developer/Xcode/DerivedData/ModuleCache.noindex/Session.modulevalidation -Xcc -I/Users/lll/Library/Developer/Xcode/DerivedData/TermSnap-fhshqvlxjqvajwbzyeblkhuqtrgn/Build/Intermediates.noindex/TermSnap.build/Debug/TermSnap.build/swift-overrides.hmap -emit-const-values -Xfrontend -const-gather-protocols-file -Xfrontend /Users/lll/Library/Developer/Xcode/DerivedData/TermSnap-fhshqvlxjqvajwbzyeblkhuqtrgn/Build/Intermediates.noindex/TermSnap.build/Debug/TermSnap.build/Objects-normal/arm64/TermSnap_const_extract_protocols.json -Xcc -iquote -Xcc /Users/lll/Library/Developer/Xcode/DerivedData/TermSnap-fhshqvlxjqvajwbzyeblkhuqtrgn/Build/Intermediates.noindex/TermSnap.build/Debug/TermSnap.build/TermSnap-generated-files.hmap -Xcc -I/Users/lll/Library/Developer/Xcode/DerivedData/TermSnap-fhshqvlxjqvajwbzyeblkhuqtrgn/Build/Intermediates.noindex/TermSnap.build/Debug/TermSnap.build/TermSnap-own-target-headers.hmap -Xcc -I/Users/lll/Library/Developer/Xcode/DerivedData/TermSnap-fhshqvlxjqvajwbzyeblkhuqtrgn/Build/Intermediates.noindex/TermSnap.build/Debug/TermSnap.build/TermSnap-all-target-headers.hmap -Xcc -iquote -Xcc /Users/lll/Library/Developer/Xcode/DerivedData/TermSnap-fhshqvlxjqvajwbzyeblkhuqtrgn/Build/Intermediates.noindex/TermSnap.build/Debug/TermSnap.build/TermSnap-project-headers.hmap -Xcc -I/Users/lll/Library/Developer/Xcode/DerivedData/TermSnap-fhshqvlxjqvajwbzyeblkhuqtrgn/Build/Products/Debug/include -Xcc -I/Users/lll/Library/Developer/Xcode/DerivedData/TermSnap-fhshqvlxjqvajwbzyeblkhuqtrgn/Build/Intermediates.noindex/TermSnap.build/Debug/TermSnap.build/DerivedSources-normal/arm64 -Xcc -I/Users/lll/Library/Developer/Xcode/DerivedData/TermSnap-fhshqvlxjqvajwbzyeblkhuqtrgn/Build/Intermediates.noindex/TermSnap.build/Debug/TermSnap.build/DerivedSources/arm64 -Xcc -I/Users/lll/Library/Developer/Xcode/DerivedData/TermSnap-fhshqvlxjqvajwbzyeblkhuqtrgn/Build/Intermediates.noindex/TermSnap.build/Debug/TermSnap.build/DerivedSources -Xcc -DDEBUG\=1 -emit-objc-header -emit-objc-header-path /Users/lll/Library/Developer/Xcode/DerivedData/TermSnap-fhshqvlxjqvajwbzyeblkhuqtrgn/Build/Intermediates.noindex/TermSnap.build/Debug/TermSnap.build/Objects-normal/arm64/TermSnap-Swift.h -working-directory /Users/lll/Projects.localized/SwiftProjects/TermSnap -experimental-emit-module-separately -disable-cmo

SwiftDriverJobDiscovery normal arm64 Emitting module for TermSnap (in target 'TermSnap' from project 'TermSnap')

SwiftDriver\ Compilation\ Requirements TermSnap normal arm64 com.apple.xcode.tools.swift.compiler (in target 'TermSnap' from project 'TermSnap')
    cd /Users/lll/Projects.localized/SwiftProjects/TermSnap
    builtin-Swift-Compilation-Requirements -- /Applications/Xcode.app/Contents/Developer/Toolchains/XcodeDefault.xctoolchain/usr/bin/swiftc -module-name TermSnap -Onone -enforce-exclusivity\=checked @/Users/lll/Library/Developer/Xcode/DerivedData/TermSnap-fhshqvlxjqvajwbzyeblkhuqtrgn/Build/Intermediates.noindex/TermSnap.build/Debug/TermSnap.build/Objects-normal/arm64/TermSnap.SwiftFileList -DDEBUG -default-isolation\=MainActor -enable-bare-slash-regex -enable-upcoming-feature DisableOutwardActorInference -enable-upcoming-feature InferSendableFromCaptures -enable-upcoming-feature GlobalActorIsolatedTypesUsability -enable-upcoming-feature MemberImportVisibility -enable-upcoming-feature InferIsolatedConformances -enable-upcoming-feature NonisolatedNonsendingByDefault -enable-experimental-feature DebugDescriptionMacro -sdk /Applications/Xcode.app/Contents/Developer/Platforms/MacOSX.platform/Developer/SDKs/MacOSX26.2.sdk -target arm64-apple-macos14.6 -g -module-cache-path /Users/lll/Library/Developer/Xcode/DerivedData/ModuleCache.noindex -Xfrontend -serialize-debugging-options -profile-coverage-mapping -profile-generate -enable-testing -index-store-path /Users/lll/Library/Developer/Xcode/DerivedData/TermSnap-fhshqvlxjqvajwbzyeblkhuqtrgn/Index.noindex/DataStore -Xcc -D_LIBCPP_HARDENING_MODE\=_LIBCPP_HARDENING_MODE_DEBUG -swift-version 5 -I /Users/lll/Library/Developer/Xcode/DerivedData/TermSnap-fhshqvlxjqvajwbzyeblkhuqtrgn/Build/Products/Debug -F /Users/lll/Library/Developer/Xcode/DerivedData/TermSnap-fhshqvlxjqvajwbzyeblkhuqtrgn/Build/Products/Debug -emit-localized-strings -emit-localized-strings-path /Users/lll/Library/Developer/Xcode/DerivedData/TermSnap-fhshqvlxjqvajwbzyeblkhuqtrgn/Build/Intermediates.noindex/TermSnap.build/Debug/TermSnap.build/Objects-normal/arm64 -c -j8 -enable-batch-mode -incremental -Xcc -ivfsstatcache -Xcc /Users/lll/Library/Developer/Xcode/DerivedData/SDKStatCaches.noindex/macosx26.2-25C58-00fa09913b459cbbc988d1f6730289ae.sdkstatcache -output-file-map /Users/lll/Library/Developer/Xcode/DerivedData/TermSnap-fhshqvlxjqvajwbzyeblkhuqtrgn/Build/Intermediates.noindex/TermSnap.build/Debug/TermSnap.build/Objects-normal/arm64/TermSnap-OutputFileMap.json -use-frontend-parseable-output -save-temps -no-color-diagnostics -explicit-module-build -module-cache-path /Users/lll/Library/Developer/Xcode/DerivedData/TermSnap-fhshqvlxjqvajwbzyeblkhuqtrgn/Build/Intermediates.noindex/SwiftExplicitPrecompiledModules -clang-scanner-module-cache-path /Users/lll/Library/Developer/Xcode/DerivedData/ModuleCache.noindex -sdk-module-cache-path /Users/lll/Library/Developer/Xcode/DerivedData/ModuleCache.noindex -serialize-diagnostics -emit-dependencies -emit-module -emit-module-path /Users/lll/Library/Developer/Xcode/DerivedData/TermSnap-fhshqvlxjqvajwbzyeblkhuqtrgn/Build/Intermediates.noindex/TermSnap.build/Debug/TermSnap.build/Objects-normal/arm64/TermSnap.swiftmodule -validate-clang-modules-once -clang-build-session-file /Users/lll/Library/Developer/Xcode/DerivedData/ModuleCache.noindex/Session.modulevalidation -Xcc -I/Users/lll/Library/Developer/Xcode/DerivedData/TermSnap-fhshqvlxjqvajwbzyeblkhuqtrgn/Build/Intermediates.noindex/TermSnap.build/Debug/TermSnap.build/swift-overrides.hmap -emit-const-values -Xfrontend -const-gather-protocols-file -Xfrontend /Users/lll/Library/Developer/Xcode/DerivedData/TermSnap-fhshqvlxjqvajwbzyeblkhuqtrgn/Build/Intermediates.noindex/TermSnap.build/Debug/TermSnap.build/Objects-normal/arm64/TermSnap_const_extract_protocols.json -Xcc -iquote -Xcc /Users/lll/Library/Developer/Xcode/DerivedData/TermSnap-fhshqvlxjqvajwbzyeblkhuqtrgn/Build/Intermediates.noindex/TermSnap.build/Debug/TermSnap.build/TermSnap-generated-files.hmap -Xcc -I/Users/lll/Library/Developer/Xcode/DerivedData/TermSnap-fhshqvlxjqvajwbzyeblkhuqtrgn/Build/Intermediates.noindex/TermSnap.build/Debug/TermSnap.build/TermSnap-own-target-headers.hmap -Xcc -I/Users/lll/Library/Developer/Xcode/DerivedData/TermSnap-fhshqvlxjqvajwbzyeblkhuqtrgn/Build/Intermediates.noindex/TermSnap.build/Debug/TermSnap.build/TermSnap-all-target-headers.hmap -Xcc -iquote -Xcc /Users/lll/Library/Developer/Xcode/DerivedData/TermSnap-fhshqvlxjqvajwbzyeblkhuqtrgn/Build/Intermediates.noindex/TermSnap.build/Debug/TermSnap.build/TermSnap-project-headers.hmap -Xcc -I/Users/lll/Library/Developer/Xcode/DerivedData/TermSnap-fhshqvlxjqvajwbzyeblkhuqtrgn/Build/Products/Debug/include -Xcc -I/Users/lll/Library/Developer/Xcode/DerivedData/TermSnap-fhshqvlxjqvajwbzyeblkhuqtrgn/Build/Intermediates.noindex/TermSnap.build/Debug/TermSnap.build/DerivedSources-normal/arm64 -Xcc -I/Users/lll/Library/Developer/Xcode/DerivedData/TermSnap-fhshqvlxjqvajwbzyeblkhuqtrgn/Build/Intermediates.noindex/TermSnap.build/Debug/TermSnap.build/DerivedSources/arm64 -Xcc -I/Users/lll/Library/Developer/Xcode/DerivedData/TermSnap-fhshqvlxjqvajwbzyeblkhuqtrgn/Build/Intermediates.noindex/TermSnap.build/Debug/TermSnap.build/DerivedSources -Xcc -DDEBUG\=1 -emit-objc-header -emit-objc-header-path /Users/lll/Library/Developer/Xcode/DerivedData/TermSnap-fhshqvlxjqvajwbzyeblkhuqtrgn/Build/Intermediates.noindex/TermSnap.build/Debug/TermSnap.build/Objects-normal/arm64/TermSnap-Swift.h -working-directory /Users/lll/Projects.localized/SwiftProjects/TermSnap -experimental-emit-module-separately -disable-cmo

Copy /Users/lll/Library/Developer/Xcode/DerivedData/TermSnap-fhshqvlxjqvajwbzyeblkhuqtrgn/Build/Products/Debug/TermSnap.swiftmodule/Project/arm64-apple-macos.swiftsourceinfo /Users/lll/Library/Developer/Xcode/DerivedData/TermSnap-fhshqvlxjqvajwbzyeblkhuqtrgn/Build/Intermediates.noindex/TermSnap.build/Debug/TermSnap.build/Objects-normal/arm64/TermSnap.swiftsourceinfo (in target 'TermSnap' from project 'TermSnap')
    cd /Users/lll/Projects.localized/SwiftProjects/TermSnap
    builtin-copy -exclude .DS_Store -exclude CVS -exclude .svn -exclude .git -exclude .hg -resolve-src-symlinks -rename /Users/lll/Library/Developer/Xcode/DerivedData/TermSnap-fhshqvlxjqvajwbzyeblkhuqtrgn/Build/Intermediates.noindex/TermSnap.build/Debug/TermSnap.build/Objects-normal/arm64/TermSnap.swiftsourceinfo /Users/lll/Library/Developer/Xcode/DerivedData/TermSnap-fhshqvlxjqvajwbzyeblkhuqtrgn/Build/Products/Debug/TermSnap.swiftmodule/Project/arm64-apple-macos.swiftsourceinfo

Copy /Users/lll/Library/Developer/Xcode/DerivedData/TermSnap-fhshqvlxjqvajwbzyeblkhuqtrgn/Build/Products/Debug/TermSnap.swiftmodule/arm64-apple-macos.abi.json /Users/lll/Library/Developer/Xcode/DerivedData/TermSnap-fhshqvlxjqvajwbzyeblkhuqtrgn/Build/Intermediates.noindex/TermSnap.build/Debug/TermSnap.build/Objects-normal/arm64/TermSnap.abi.json (in target 'TermSnap' from project 'TermSnap')
    cd /Users/lll/Projects.localized/SwiftProjects/TermSnap
    builtin-copy -exclude .DS_Store -exclude CVS -exclude .svn -exclude .git -exclude .hg -resolve-src-symlinks -rename /Users/lll/Library/Developer/Xcode/DerivedData/TermSnap-fhshqvlxjqvajwbzyeblkhuqtrgn/Build/Intermediates.noindex/TermSnap.build/Debug/TermSnap.build/Objects-normal/arm64/TermSnap.abi.json /Users/lll/Library/Developer/Xcode/DerivedData/TermSnap-fhshqvlxjqvajwbzyeblkhuqtrgn/Build/Products/Debug/TermSnap.swiftmodule/arm64-apple-macos.abi.json

Ld /Users/lll/Library/Developer/Xcode/DerivedData/TermSnap-fhshqvlxjqvajwbzyeblkhuqtrgn/Build/Products/Debug/TermSnap.app/Contents/MacOS/TermSnap.debug.dylib normal (in target 'TermSnap' from project 'TermSnap')
    cd /Users/lll/Projects.localized/SwiftProjects/TermSnap
    /Applications/Xcode.app/Contents/Developer/Toolchains/XcodeDefault.xctoolchain/usr/bin/clang -Xlinker -reproducible -target arm64-apple-macos14.6 -dynamiclib -isysroot /Applications/Xcode.app/Contents/Developer/Platforms/MacOSX.platform/Developer/SDKs/MacOSX26.2.sdk -O0 -L/Users/lll/Library/Developer/Xcode/DerivedData/TermSnap-fhshqvlxjqvajwbzyeblkhuqtrgn/Build/Intermediates.noindex/EagerLinkingTBDs/Debug -L/Users/lll/Library/Developer/Xcode/DerivedData/TermSnap-fhshqvlxjqvajwbzyeblkhuqtrgn/Build/Products/Debug -F/Users/lll/Library/Developer/Xcode/DerivedData/TermSnap-fhshqvlxjqvajwbzyeblkhuqtrgn/Build/Intermediates.noindex/EagerLinkingTBDs/Debug -F/Users/lll/Library/Developer/Xcode/DerivedData/TermSnap-fhshqvlxjqvajwbzyeblkhuqtrgn/Build/Products/Debug -filelist /Users/lll/Library/Developer/Xcode/DerivedData/TermSnap-fhshqvlxjqvajwbzyeblkhuqtrgn/Build/Intermediates.noindex/TermSnap.build/Debug/TermSnap.build/Objects-normal/arm64/TermSnap.LinkFileList -install_name @rpath/TermSnap.debug.dylib -Xlinker -rpath -Xlinker /usr/lib/swift -Xlinker -rpath -Xlinker @executable_path/../Frameworks -Xlinker -object_path_lto -Xlinker /Users/lll/Library/Developer/Xcode/DerivedData/TermSnap-fhshqvlxjqvajwbzyeblkhuqtrgn/Build/Intermediates.noindex/TermSnap.build/Debug/TermSnap.build/Objects-normal/arm64/TermSnap_lto.o -rdynamic -Xlinker -no_deduplicate -Xlinker -debug_variant -Xlinker -dependency_info -Xlinker /Users/lll/Library/Developer/Xcode/DerivedData/TermSnap-fhshqvlxjqvajwbzyeblkhuqtrgn/Build/Intermediates.noindex/TermSnap.build/Debug/TermSnap.build/Objects-normal/arm64/TermSnap_dependency_info.dat -fobjc-link-runtime -fprofile-instr-generate -L/Applications/Xcode.app/Contents/Developer/Toolchains/XcodeDefault.xctoolchain/usr/lib/swift/macosx -L/usr/lib/swift -Xlinker -add_ast_path -Xlinker /Users/lll/Library/Developer/Xcode/DerivedData/TermSnap-fhshqvlxjqvajwbzyeblkhuqtrgn/Build/Intermediates.noindex/TermSnap.build/Debug/TermSnap.build/Objects-normal/arm64/TermSnap.swiftmodule @/Users/lll/Library/Developer/Xcode/DerivedData/TermSnap-fhshqvlxjqvajwbzyeblkhuqtrgn/Build/Intermediates.noindex/TermSnap.build/Debug/TermSnap.build/Objects-normal/arm64/TermSnap-linker-args.resp -Xlinker -alias -Xlinker _main -Xlinker ___debug_main_executable_dylib_entry_point -Xlinker -no_adhoc_codesign -o /Users/lll/Library/Developer/Xcode/DerivedData/TermSnap-fhshqvlxjqvajwbzyeblkhuqtrgn/Build/Products/Debug/TermSnap.app/Contents/MacOS/TermSnap.debug.dylib

ConstructStubExecutorLinkFileList /Users/lll/Library/Developer/Xcode/DerivedData/TermSnap-fhshqvlxjqvajwbzyeblkhuqtrgn/Build/Intermediates.noindex/TermSnap.build/Debug/TermSnap.build/TermSnap-ExecutorLinkFileList-normal-arm64.txt (in target 'TermSnap' from project 'TermSnap')
    cd /Users/lll/Projects.localized/SwiftProjects/TermSnap
    construct-stub-executor-link-file-list /Users/lll/Library/Developer/Xcode/DerivedData/TermSnap-fhshqvlxjqvajwbzyeblkhuqtrgn/Build/Products/Debug/TermSnap.app/Contents/MacOS/TermSnap.debug.dylib /Applications/Xcode.app/Contents/Developer/Platforms/MacOSX.platform/Developer/usr/lib/libPreviewsJITStubExecutor_no_swift_entry_point.a /Applications/Xcode.app/Contents/Developer/Platforms/MacOSX.platform/Developer/usr/lib/libPreviewsJITStubExecutor.a --output /Users/lll/Library/Developer/Xcode/DerivedData/TermSnap-fhshqvlxjqvajwbzyeblkhuqtrgn/Build/Intermediates.noindex/TermSnap.build/Debug/TermSnap.build/TermSnap-ExecutorLinkFileList-normal-arm64.txt
note: Using stub executor library with Swift entry point. (in target 'TermSnap' from project 'TermSnap')

Ld /Users/lll/Library/Developer/Xcode/DerivedData/TermSnap-fhshqvlxjqvajwbzyeblkhuqtrgn/Build/Products/Debug/TermSnap.app/Contents/MacOS/TermSnap normal (in target 'TermSnap' from project 'TermSnap')
    cd /Users/lll/Projects.localized/SwiftProjects/TermSnap
    /Applications/Xcode.app/Contents/Developer/Toolchains/XcodeDefault.xctoolchain/usr/bin/clang -Xlinker -reproducible -target arm64-apple-macos14.6 -isysroot /Applications/Xcode.app/Contents/Developer/Platforms/MacOSX.platform/Developer/SDKs/MacOSX26.2.sdk -O0 -L/Users/lll/Library/Developer/Xcode/DerivedData/TermSnap-fhshqvlxjqvajwbzyeblkhuqtrgn/Build/Products/Debug -F/Users/lll/Library/Developer/Xcode/DerivedData/TermSnap-fhshqvlxjqvajwbzyeblkhuqtrgn/Build/Products/Debug -Xlinker -rpath -Xlinker @executable_path -Xlinker -rpath -Xlinker @executable_path/../Frameworks -rdynamic -Xlinker -no_deduplicate -Xlinker -debug_variant -e ___debug_blank_executor_main -Xlinker -sectcreate -Xlinker __TEXT -Xlinker __debug_dylib -Xlinker /Users/lll/Library/Developer/Xcode/DerivedData/TermSnap-fhshqvlxjqvajwbzyeblkhuqtrgn/Build/Intermediates.noindex/TermSnap.build/Debug/TermSnap.build/TermSnap-DebugDylibPath-normal-arm64.txt -Xlinker -sectcreate -Xlinker __TEXT -Xlinker __debug_instlnm -Xlinker /Users/lll/Library/Developer/Xcode/DerivedData/TermSnap-fhshqvlxjqvajwbzyeblkhuqtrgn/Build/Intermediates.noindex/TermSnap.build/Debug/TermSnap.build/TermSnap-DebugDylibInstallName-normal-arm64.txt -Xlinker -filelist -Xlinker /Users/lll/Library/Developer/Xcode/DerivedData/TermSnap-fhshqvlxjqvajwbzyeblkhuqtrgn/Build/Intermediates.noindex/TermSnap.build/Debug/TermSnap.build/TermSnap-ExecutorLinkFileList-normal-arm64.txt /Users/lll/Library/Developer/Xcode/DerivedData/TermSnap-fhshqvlxjqvajwbzyeblkhuqtrgn/Build/Products/Debug/TermSnap.app/Contents/MacOS/TermSnap.debug.dylib -Xlinker -no_adhoc_codesign -o /Users/lll/Library/Developer/Xcode/DerivedData/TermSnap-fhshqvlxjqvajwbzyeblkhuqtrgn/Build/Products/Debug/TermSnap.app/Contents/MacOS/TermSnap

ExtractAppIntentsMetadata (in target 'TermSnap' from project 'TermSnap')
    cd /Users/lll/Projects.localized/SwiftProjects/TermSnap
    /Applications/Xcode.app/Contents/Developer/Toolchains/XcodeDefault.xctoolchain/usr/bin/appintentsmetadataprocessor --toolchain-dir /Applications/Xcode.app/Contents/Developer/Toolchains/XcodeDefault.xctoolchain --module-name TermSnap --sdk-root /Applications/Xcode.app/Contents/Developer/Platforms/MacOSX.platform/Developer/SDKs/MacOSX26.2.sdk --xcode-version 17C529 --platform-family macOS --deployment-target 14.6 --bundle-identifier com.lll.TermSnap --output /Users/lll/Library/Developer/Xcode/DerivedData/TermSnap-fhshqvlxjqvajwbzyeblkhuqtrgn/Build/Products/Debug/TermSnap.app/Contents/Resources --target-triple arm64-apple-macos14.6 --binary-file /Users/lll/Library/Developer/Xcode/DerivedData/TermSnap-fhshqvlxjqvajwbzyeblkhuqtrgn/Build/Products/Debug/TermSnap.app/Contents/MacOS/TermSnap --dependency-file /Users/lll/Library/Developer/Xcode/DerivedData/TermSnap-fhshqvlxjqvajwbzyeblkhuqtrgn/Build/Intermediates.noindex/TermSnap.build/Debug/TermSnap.build/Objects-normal/arm64/TermSnap_dependency_info.dat --stringsdata-file /Users/lll/Library/Developer/Xcode/DerivedData/TermSnap-fhshqvlxjqvajwbzyeblkhuqtrgn/Build/Intermediates.noindex/TermSnap.build/Debug/TermSnap.build/Objects-normal/arm64/ExtractedAppShortcutsMetadata.stringsdata --source-file-list /Users/lll/Library/Developer/Xcode/DerivedData/TermSnap-fhshqvlxjqvajwbzyeblkhuqtrgn/Build/Intermediates.noindex/TermSnap.build/Debug/TermSnap.build/Objects-normal/arm64/TermSnap.SwiftFileList --metadata-file-list /Users/lll/Library/Developer/Xcode/DerivedData/TermSnap-fhshqvlxjqvajwbzyeblkhuqtrgn/Build/Intermediates.noindex/TermSnap.build/Debug/TermSnap.build/TermSnap.DependencyMetadataFileList --static-metadata-file-list /Users/lll/Library/Developer/Xcode/DerivedData/TermSnap-fhshqvlxjqvajwbzyeblkhuqtrgn/Build/Intermediates.noindex/TermSnap.build/Debug/TermSnap.build/TermSnap.DependencyStaticMetadataFileList --swift-const-vals-list /Users/lll/Library/Developer/Xcode/DerivedData/TermSnap-fhshqvlxjqvajwbzyeblkhuqtrgn/Build/Intermediates.noindex/TermSnap.build/Debug/TermSnap.build/Objects-normal/arm64/TermSnap.SwiftConstValuesFileList --compile-time-extraction --deployment-aware-processing --validate-assistant-intents --no-app-shortcuts-localization
2026-05-10 16:58:35.299 appintentsmetadataprocessor[42700:2747388] Starting appintentsmetadataprocessor export
2026-05-10 16:58:35.300 appintentsmetadataprocessor[42700:2747388] warning: Metadata extraction skipped. No AppIntents.framework dependency found.

CopySwiftLibs /Users/lll/Library/Developer/Xcode/DerivedData/TermSnap-fhshqvlxjqvajwbzyeblkhuqtrgn/Build/Products/Debug/TermSnap.app (in target 'TermSnap' from project 'TermSnap')
    cd /Users/lll/Projects.localized/SwiftProjects/TermSnap
    builtin-swiftStdLibTool --copy --verbose --sign C370A424BFBD875E97A4096FB94F4C171BB095A9 --scan-executable /Users/lll/Library/Developer/Xcode/DerivedData/TermSnap-fhshqvlxjqvajwbzyeblkhuqtrgn/Build/Products/Debug/TermSnap.app/Contents/MacOS/TermSnap.debug.dylib --scan-folder /Users/lll/Library/Developer/Xcode/DerivedData/TermSnap-fhshqvlxjqvajwbzyeblkhuqtrgn/Build/Products/Debug/TermSnap.app/Contents/Frameworks --scan-folder /Users/lll/Library/Developer/Xcode/DerivedData/TermSnap-fhshqvlxjqvajwbzyeblkhuqtrgn/Build/Products/Debug/TermSnap.app/Contents/PlugIns --scan-folder /Users/lll/Library/Developer/Xcode/DerivedData/TermSnap-fhshqvlxjqvajwbzyeblkhuqtrgn/Build/Products/Debug/TermSnap.app/Contents/Library/SystemExtensions --scan-folder /Users/lll/Library/Developer/Xcode/DerivedData/TermSnap-fhshqvlxjqvajwbzyeblkhuqtrgn/Build/Products/Debug/TermSnap.app/Contents/Extensions --platform macosx --toolchain /Applications/Xcode.app/Contents/Developer/Toolchains/XcodeDefault.xctoolchain --destination /Users/lll/Library/Developer/Xcode/DerivedData/TermSnap-fhshqvlxjqvajwbzyeblkhuqtrgn/Build/Products/Debug/TermSnap.app/Contents/Frameworks --strip-bitcode --strip-bitcode-tool /Applications/Xcode.app/Contents/Developer/Toolchains/XcodeDefault.xctoolchain/usr/bin/bitcode_strip --emit-dependency-info /Users/lll/Library/Developer/Xcode/DerivedData/TermSnap-fhshqvlxjqvajwbzyeblkhuqtrgn/Build/Intermediates.noindex/TermSnap.build/Debug/TermSnap.build/SwiftStdLibToolInputDependencies.dep --filter-for-swift-os --back-deploy-swift-span

ProcessInfoPlistFile /Users/lll/Library/Developer/Xcode/DerivedData/TermSnap-fhshqvlxjqvajwbzyeblkhuqtrgn/Build/Products/Debug/TermSnap.app/Contents/Info.plist /Users/lll/Library/Developer/Xcode/DerivedData/TermSnap-fhshqvlxjqvajwbzyeblkhuqtrgn/Build/Intermediates.noindex/TermSnap.build/Debug/TermSnap.build/empty-TermSnap.plist (in target 'TermSnap' from project 'TermSnap')
    cd /Users/lll/Projects.localized/SwiftProjects/TermSnap
    builtin-infoPlistUtility /Users/lll/Library/Developer/Xcode/DerivedData/TermSnap-fhshqvlxjqvajwbzyeblkhuqtrgn/Build/Intermediates.noindex/TermSnap.build/Debug/TermSnap.build/empty-TermSnap.plist -producttype com.apple.product-type.application -genpkginfo /Users/lll/Library/Developer/Xcode/DerivedData/TermSnap-fhshqvlxjqvajwbzyeblkhuqtrgn/Build/Products/Debug/TermSnap.app/Contents/PkgInfo -expandbuildsettings -platform macosx -additionalcontentfile /Users/lll/Library/Developer/Xcode/DerivedData/TermSnap-fhshqvlxjqvajwbzyeblkhuqtrgn/Build/Intermediates.noindex/TermSnap.build/Debug/TermSnap.build/assetcatalog_generated_info.plist -scanforprivacyfile /Users/lll/Library/Developer/Xcode/DerivedData/TermSnap-fhshqvlxjqvajwbzyeblkhuqtrgn/Build/Products/Debug/TermSnap.app/Contents/PlugIns/TermSnapFinderExtension.appex -o /Users/lll/Library/Developer/Xcode/DerivedData/TermSnap-fhshqvlxjqvajwbzyeblkhuqtrgn/Build/Products/Debug/TermSnap.app/Contents/Info.plist

ProcessInfoPlistFile /Users/lll/Library/Developer/Xcode/DerivedData/TermSnap-fhshqvlxjqvajwbzyeblkhuqtrgn/Build/Products/Debug/TermSnap.app/Contents/PlugIns/TermSnapTests.xctest/Contents/Info.plist /Users/lll/Library/Developer/Xcode/DerivedData/TermSnap-fhshqvlxjqvajwbzyeblkhuqtrgn/Build/Intermediates.noindex/TermSnap.build/Debug/TermSnapTests.build/empty-TermSnapTests.plist (in target 'TermSnapTests' from project 'TermSnap')
    cd /Users/lll/Projects.localized/SwiftProjects/TermSnap
    builtin-infoPlistUtility /Users/lll/Library/Developer/Xcode/DerivedData/TermSnap-fhshqvlxjqvajwbzyeblkhuqtrgn/Build/Intermediates.noindex/TermSnap.build/Debug/TermSnapTests.build/empty-TermSnapTests.plist -producttype com.apple.product-type.bundle.unit-test -expandbuildsettings -platform macosx -o /Users/lll/Library/Developer/Xcode/DerivedData/TermSnap-fhshqvlxjqvajwbzyeblkhuqtrgn/Build/Products/Debug/TermSnap.app/Contents/PlugIns/TermSnapTests.xctest/Contents/Info.plist

Ld /Users/lll/Library/Developer/Xcode/DerivedData/TermSnap-fhshqvlxjqvajwbzyeblkhuqtrgn/Build/Products/Debug/TermSnap.app/Contents/PlugIns/TermSnapTests.xctest/Contents/MacOS/TermSnapTests normal (in target 'TermSnapTests' from project 'TermSnap')
    cd /Users/lll/Projects.localized/SwiftProjects/TermSnap
    /Applications/Xcode.app/Contents/Developer/Toolchains/XcodeDefault.xctoolchain/usr/bin/clang -Xlinker -reproducible -target arm64-apple-macos15.7 -bundle -isysroot /Applications/Xcode.app/Contents/Developer/Platforms/MacOSX.platform/Developer/SDKs/MacOSX26.2.sdk -O0 -L/Users/lll/Library/Developer/Xcode/DerivedData/TermSnap-fhshqvlxjqvajwbzyeblkhuqtrgn/Build/Intermediates.noindex/EagerLinkingTBDs/Debug -L/Users/lll/Library/Developer/Xcode/DerivedData/TermSnap-fhshqvlxjqvajwbzyeblkhuqtrgn/Build/Products/Debug -L/Applications/Xcode.app/Contents/Developer/Platforms/MacOSX.platform/Developer/usr/lib -F/Users/lll/Library/Developer/Xcode/DerivedData/TermSnap-fhshqvlxjqvajwbzyeblkhuqtrgn/Build/Intermediates.noindex/EagerLinkingTBDs/Debug -F/Users/lll/Library/Developer/Xcode/DerivedData/TermSnap-fhshqvlxjqvajwbzyeblkhuqtrgn/Build/Products/Debug -iframework /Applications/Xcode.app/Contents/Developer/Platforms/MacOSX.platform/Developer/Library/Frameworks -filelist /Users/lll/Library/Developer/Xcode/DerivedData/TermSnap-fhshqvlxjqvajwbzyeblkhuqtrgn/Build/Intermediates.noindex/TermSnap.build/Debug/TermSnapTests.build/Objects-normal/arm64/TermSnapTests.LinkFileList -Xlinker -rpath -Xlinker /usr/lib/swift -Xlinker -rpath -Xlinker @loader_path/../Frameworks -Xlinker -rpath -Xlinker @executable_path/../Frameworks -bundle_loader /Users/lll/Library/Developer/Xcode/DerivedData/TermSnap-fhshqvlxjqvajwbzyeblkhuqtrgn/Build/Products/Debug/TermSnap.app/Contents/MacOS/TermSnap -Xlinker -object_path_lto -Xlinker /Users/lll/Library/Developer/Xcode/DerivedData/TermSnap-fhshqvlxjqvajwbzyeblkhuqtrgn/Build/Intermediates.noindex/TermSnap.build/Debug/TermSnapTests.build/Objects-normal/arm64/TermSnapTests_lto.o -rdynamic -Xlinker -no_deduplicate -Xlinker -debug_variant -Xlinker -dependency_info -Xlinker /Users/lll/Library/Developer/Xcode/DerivedData/TermSnap-fhshqvlxjqvajwbzyeblkhuqtrgn/Build/Intermediates.noindex/TermSnap.build/Debug/TermSnapTests.build/Objects-normal/arm64/TermSnapTests_dependency_info.dat -fobjc-link-runtime -fprofile-instr-generate -L/Applications/Xcode.app/Contents/Developer/Toolchains/XcodeDefault.xctoolchain/usr/lib/swift/macosx -L/usr/lib/swift -Xlinker -add_ast_path -Xlinker /Users/lll/Library/Developer/Xcode/DerivedData/TermSnap-fhshqvlxjqvajwbzyeblkhuqtrgn/Build/Intermediates.noindex/TermSnap.build/Debug/TermSnapTests.build/Objects-normal/arm64/TermSnapTests.swiftmodule @/Users/lll/Library/Developer/Xcode/DerivedData/TermSnap-fhshqvlxjqvajwbzyeblkhuqtrgn/Build/Intermediates.noindex/TermSnap.build/Debug/TermSnapTests.build/Objects-normal/arm64/TermSnapTests-linker-args.resp -Xlinker -needed_framework -Xlinker XCTest -framework XCTest -Xlinker -needed-lXCTestSwiftSupport -lXCTestSwiftSupport /Users/lll/Library/Developer/Xcode/DerivedData/TermSnap-fhshqvlxjqvajwbzyeblkhuqtrgn/Build/Products/Debug/TermSnap.app/Contents/MacOS/TermSnap.debug.dylib -Xlinker -no_adhoc_codesign -o /Users/lll/Library/Developer/Xcode/DerivedData/TermSnap-fhshqvlxjqvajwbzyeblkhuqtrgn/Build/Products/Debug/TermSnap.app/Contents/PlugIns/TermSnapTests.xctest/Contents/MacOS/TermSnapTests

CopySwiftLibs /Users/lll/Library/Developer/Xcode/DerivedData/TermSnap-fhshqvlxjqvajwbzyeblkhuqtrgn/Build/Products/Debug/TermSnap.app/Contents/PlugIns/TermSnapTests.xctest (in target 'TermSnapTests' from project 'TermSnap')
    cd /Users/lll/Projects.localized/SwiftProjects/TermSnap
    builtin-swiftStdLibTool --copy --verbose --sign C370A424BFBD875E97A4096FB94F4C171BB095A9 --scan-executable /Users/lll/Library/Developer/Xcode/DerivedData/TermSnap-fhshqvlxjqvajwbzyeblkhuqtrgn/Build/Products/Debug/TermSnap.app/Contents/PlugIns/TermSnapTests.xctest/Contents/MacOS/TermSnapTests --scan-folder /Users/lll/Library/Developer/Xcode/DerivedData/TermSnap-fhshqvlxjqvajwbzyeblkhuqtrgn/Build/Products/Debug/TermSnap.app/Contents/PlugIns/TermSnapTests.xctest/Contents/Frameworks --scan-folder /Users/lll/Library/Developer/Xcode/DerivedData/TermSnap-fhshqvlxjqvajwbzyeblkhuqtrgn/Build/Products/Debug/TermSnap.app/Contents/PlugIns/TermSnapTests.xctest/Contents/PlugIns --scan-folder /Users/lll/Library/Developer/Xcode/DerivedData/TermSnap-fhshqvlxjqvajwbzyeblkhuqtrgn/Build/Products/Debug/TermSnap.app/Contents/PlugIns/TermSnapTests.xctest/Contents/Library/SystemExtensions --scan-folder /Users/lll/Library/Developer/Xcode/DerivedData/TermSnap-fhshqvlxjqvajwbzyeblkhuqtrgn/Build/Products/Debug/TermSnap.app/Contents/PlugIns/TermSnapTests.xctest/Contents/Extensions --platform macosx --toolchain /Applications/Xcode.app/Contents/Developer/Toolchains/XcodeDefault.xctoolchain --destination /Users/lll/Library/Developer/Xcode/DerivedData/TermSnap-fhshqvlxjqvajwbzyeblkhuqtrgn/Build/Products/Debug/TermSnap.app/Contents/PlugIns/TermSnapTests.xctest/Contents/Frameworks --strip-bitcode --scan-executable /Applications/Xcode.app/Contents/Developer/Platforms/MacOSX.platform/Developer/usr/lib/libXCTestSwiftSupport.dylib --strip-bitcode-tool /Applications/Xcode.app/Contents/Developer/Toolchains/XcodeDefault.xctoolchain/usr/bin/bitcode_strip --emit-dependency-info /Users/lll/Library/Developer/Xcode/DerivedData/TermSnap-fhshqvlxjqvajwbzyeblkhuqtrgn/Build/Intermediates.noindex/TermSnap.build/Debug/TermSnapTests.build/SwiftStdLibToolInputDependencies.dep --filter-for-swift-os --back-deploy-swift-span

ExtractAppIntentsMetadata (in target 'TermSnapTests' from project 'TermSnap')
    cd /Users/lll/Projects.localized/SwiftProjects/TermSnap
    /Applications/Xcode.app/Contents/Developer/Toolchains/XcodeDefault.xctoolchain/usr/bin/appintentsmetadataprocessor --toolchain-dir /Applications/Xcode.app/Contents/Developer/Toolchains/XcodeDefault.xctoolchain --module-name TermSnapTests --sdk-root /Applications/Xcode.app/Contents/Developer/Platforms/MacOSX.platform/Developer/SDKs/MacOSX26.2.sdk --xcode-version 17C529 --platform-family macOS --deployment-target 15.7 --bundle-identifier com.lll.TermSnapTests --output /Users/lll/Library/Developer/Xcode/DerivedData/TermSnap-fhshqvlxjqvajwbzyeblkhuqtrgn/Build/Products/Debug/TermSnap.app/Contents/PlugIns/TermSnapTests.xctest/Contents/Resources --target-triple arm64-apple-macos15.7 --binary-file /Users/lll/Library/Developer/Xcode/DerivedData/TermSnap-fhshqvlxjqvajwbzyeblkhuqtrgn/Build/Products/Debug/TermSnap.app/Contents/PlugIns/TermSnapTests.xctest/Contents/MacOS/TermSnapTests --dependency-file /Users/lll/Library/Developer/Xcode/DerivedData/TermSnap-fhshqvlxjqvajwbzyeblkhuqtrgn/Build/Intermediates.noindex/TermSnap.build/Debug/TermSnapTests.build/Objects-normal/arm64/TermSnapTests_dependency_info.dat --stringsdata-file /Users/lll/Library/Developer/Xcode/DerivedData/TermSnap-fhshqvlxjqvajwbzyeblkhuqtrgn/Build/Intermediates.noindex/TermSnap.build/Debug/TermSnapTests.build/Objects-normal/arm64/ExtractedAppShortcutsMetadata.stringsdata --source-file-list /Users/lll/Library/Developer/Xcode/DerivedData/TermSnap-fhshqvlxjqvajwbzyeblkhuqtrgn/Build/Intermediates.noindex/TermSnap.build/Debug/TermSnapTests.build/Objects-normal/arm64/TermSnapTests.SwiftFileList --metadata-file-list /Users/lll/Library/Developer/Xcode/DerivedData/TermSnap-fhshqvlxjqvajwbzyeblkhuqtrgn/Build/Intermediates.noindex/TermSnap.build/Debug/TermSnapTests.build/TermSnapTests.DependencyMetadataFileList --static-metadata-file-list /Users/lll/Library/Developer/Xcode/DerivedData/TermSnap-fhshqvlxjqvajwbzyeblkhuqtrgn/Build/Intermediates.noindex/TermSnap.build/Debug/TermSnapTests.build/TermSnapTests.DependencyStaticMetadataFileList --swift-const-vals-list /Users/lll/Library/Developer/Xcode/DerivedData/TermSnap-fhshqvlxjqvajwbzyeblkhuqtrgn/Build/Intermediates.noindex/TermSnap.build/Debug/TermSnapTests.build/Objects-normal/arm64/TermSnapTests.SwiftConstValuesFileList --compile-time-extraction --deployment-aware-processing --validate-assistant-intents --no-app-shortcuts-localization
2026-05-10 16:58:35.648 appintentsmetadataprocessor[42703:2747404] Starting appintentsmetadataprocessor export
2026-05-10 16:58:35.650 appintentsmetadataprocessor[42703:2747404] warning: Metadata extraction skipped. No AppIntents.framework dependency found.

CodeSign /Users/lll/Library/Developer/Xcode/DerivedData/TermSnap-fhshqvlxjqvajwbzyeblkhuqtrgn/Build/Products/Debug/TermSnap.app/Contents/PlugIns/TermSnapTests.xctest (in target 'TermSnapTests' from project 'TermSnap')
    cd /Users/lll/Projects.localized/SwiftProjects/TermSnap
    
    Signing Identity:     "Apple Development: xiaosumin@yeah.net (53L69BP8J6)"
    
    /usr/bin/codesign --force --sign C370A424BFBD875E97A4096FB94F4C171BB095A9 --timestamp\=none --generate-entitlement-der /Users/lll/Library/Developer/Xcode/DerivedData/TermSnap-fhshqvlxjqvajwbzyeblkhuqtrgn/Build/Products/Debug/TermSnap.app/Contents/PlugIns/TermSnapTests.xctest

CodeSign /Users/lll/Library/Developer/Xcode/DerivedData/TermSnap-fhshqvlxjqvajwbzyeblkhuqtrgn/Build/Products/Debug/TermSnap.app/Contents/MacOS/TermSnap.debug.dylib (in target 'TermSnap' from project 'TermSnap')
    cd /Users/lll/Projects.localized/SwiftProjects/TermSnap
    
    Signing Identity:     "Apple Development: xiaosumin@yeah.net (53L69BP8J6)"
    Provisioning Profile: "Mac Team Provisioning Profile: com.lll.TermSnap"
                          (f83397bd-56ea-4824-8bc6-d8128da76817)
    
    /usr/bin/codesign --force --sign C370A424BFBD875E97A4096FB94F4C171BB095A9 --timestamp\=none --generate-entitlement-der /Users/lll/Library/Developer/Xcode/DerivedData/TermSnap-fhshqvlxjqvajwbzyeblkhuqtrgn/Build/Products/Debug/TermSnap.app/Contents/MacOS/TermSnap.debug.dylib

CodeSign /Users/lll/Library/Developer/Xcode/DerivedData/TermSnap-fhshqvlxjqvajwbzyeblkhuqtrgn/Build/Products/Debug/TermSnap.app/Contents/MacOS/__preview.dylib (in target 'TermSnap' from project 'TermSnap')
    cd /Users/lll/Projects.localized/SwiftProjects/TermSnap
    
    Signing Identity:     "Apple Development: xiaosumin@yeah.net (53L69BP8J6)"
    Provisioning Profile: "Mac Team Provisioning Profile: com.lll.TermSnap"
                          (f83397bd-56ea-4824-8bc6-d8128da76817)
    
    /usr/bin/codesign --force --sign C370A424BFBD875E97A4096FB94F4C171BB095A9 --timestamp\=none --generate-entitlement-der /Users/lll/Library/Developer/Xcode/DerivedData/TermSnap-fhshqvlxjqvajwbzyeblkhuqtrgn/Build/Products/Debug/TermSnap.app/Contents/MacOS/__preview.dylib
/Users/lll/Library/Developer/Xcode/DerivedData/TermSnap-fhshqvlxjqvajwbzyeblkhuqtrgn/Build/Products/Debug/TermSnap.app/Contents/MacOS/__preview.dylib: replacing existing signature

CodeSign /Users/lll/Library/Developer/Xcode/DerivedData/TermSnap-fhshqvlxjqvajwbzyeblkhuqtrgn/Build/Products/Debug/TermSnap.app (in target 'TermSnap' from project 'TermSnap')
    cd /Users/lll/Projects.localized/SwiftProjects/TermSnap
    
    Signing Identity:     "Apple Development: xiaosumin@yeah.net (53L69BP8J6)"
    Provisioning Profile: "Mac Team Provisioning Profile: com.lll.TermSnap"
                          (f83397bd-56ea-4824-8bc6-d8128da76817)
    
    /usr/bin/codesign --force --sign C370A424BFBD875E97A4096FB94F4C171BB095A9 --entitlements /Users/lll/Library/Developer/Xcode/DerivedData/TermSnap-fhshqvlxjqvajwbzyeblkhuqtrgn/Build/Intermediates.noindex/TermSnap.build/Debug/TermSnap.build/TermSnap.app.xcent --timestamp\=none --generate-entitlement-der /Users/lll/Library/Developer/Xcode/DerivedData/TermSnap-fhshqvlxjqvajwbzyeblkhuqtrgn/Build/Products/Debug/TermSnap.app

Validate /Users/lll/Library/Developer/Xcode/DerivedData/TermSnap-fhshqvlxjqvajwbzyeblkhuqtrgn/Build/Products/Debug/TermSnap.app (in target 'TermSnap' from project 'TermSnap')
    cd /Users/lll/Projects.localized/SwiftProjects/TermSnap
    builtin-validationUtility /Users/lll/Library/Developer/Xcode/DerivedData/TermSnap-fhshqvlxjqvajwbzyeblkhuqtrgn/Build/Products/Debug/TermSnap.app -no-validate-extension -infoplist-subpath Contents/Info.plist

RegisterWithLaunchServices /Users/lll/Library/Developer/Xcode/DerivedData/TermSnap-fhshqvlxjqvajwbzyeblkhuqtrgn/Build/Products/Debug/TermSnap.app (in target 'TermSnap' from project 'TermSnap')
    cd /Users/lll/Projects.localized/SwiftProjects/TermSnap
    /System/Library/Frameworks/CoreServices.framework/Versions/Current/Frameworks/LaunchServices.framework/Versions/Current/Support/lsregister -f -R -trusted /Users/lll/Library/Developer/Xcode/DerivedData/TermSnap-fhshqvlxjqvajwbzyeblkhuqtrgn/Build/Products/Debug/TermSnap.app

ProcessInfoPlistFile /Users/lll/Library/Developer/Xcode/DerivedData/TermSnap-fhshqvlxjqvajwbzyeblkhuqtrgn/Build/Products/Debug/TermSnapUITests-Runner.app/Contents/PlugIns/TermSnapUITests.xctest/Contents/Info.plist /Users/lll/Library/Developer/Xcode/DerivedData/TermSnap-fhshqvlxjqvajwbzyeblkhuqtrgn/Build/Intermediates.noindex/TermSnap.build/Debug/TermSnapUITests.build/empty-TermSnapUITests.plist (in target 'TermSnapUITests' from project 'TermSnap')
    cd /Users/lll/Projects.localized/SwiftProjects/TermSnap
    builtin-infoPlistUtility /Users/lll/Library/Developer/Xcode/DerivedData/TermSnap-fhshqvlxjqvajwbzyeblkhuqtrgn/Build/Intermediates.noindex/TermSnap.build/Debug/TermSnapUITests.build/empty-TermSnapUITests.plist -producttype com.apple.product-type.bundle.ui-testing -expandbuildsettings -platform macosx -additionalcontentfile /Users/lll/Library/Developer/Xcode/DerivedData/TermSnap-fhshqvlxjqvajwbzyeblkhuqtrgn/Build/Intermediates.noindex/TermSnap.build/Debug/TermSnapUITests.build/ProductTypeInfoPlistAdditions.plist -o /Users/lll/Library/Developer/Xcode/DerivedData/TermSnap-fhshqvlxjqvajwbzyeblkhuqtrgn/Build/Products/Debug/TermSnapUITests-Runner.app/Contents/PlugIns/TermSnapUITests.xctest/Contents/Info.plist

CopySwiftLibs /Users/lll/Library/Developer/Xcode/DerivedData/TermSnap-fhshqvlxjqvajwbzyeblkhuqtrgn/Build/Products/Debug/TermSnapUITests-Runner.app/Contents/PlugIns/TermSnapUITests.xctest (in target 'TermSnapUITests' from project 'TermSnap')
    cd /Users/lll/Projects.localized/SwiftProjects/TermSnap
    builtin-swiftStdLibTool --copy --verbose --sign C370A424BFBD875E97A4096FB94F4C171BB095A9 --scan-executable /Users/lll/Library/Developer/Xcode/DerivedData/TermSnap-fhshqvlxjqvajwbzyeblkhuqtrgn/Build/Products/Debug/TermSnapUITests-Runner.app/Contents/PlugIns/TermSnapUITests.xctest/Contents/MacOS/TermSnapUITests --scan-folder /Users/lll/Library/Developer/Xcode/DerivedData/TermSnap-fhshqvlxjqvajwbzyeblkhuqtrgn/Build/Products/Debug/TermSnapUITests-Runner.app/Contents/PlugIns/TermSnapUITests.xctest/Contents/Frameworks --scan-folder /Users/lll/Library/Developer/Xcode/DerivedData/TermSnap-fhshqvlxjqvajwbzyeblkhuqtrgn/Build/Products/Debug/TermSnapUITests-Runner.app/Contents/PlugIns/TermSnapUITests.xctest/Contents/PlugIns --scan-folder /Users/lll/Library/Developer/Xcode/DerivedData/TermSnap-fhshqvlxjqvajwbzyeblkhuqtrgn/Build/Products/Debug/TermSnapUITests-Runner.app/Contents/PlugIns/TermSnapUITests.xctest/Contents/Library/SystemExtensions --scan-folder /Users/lll/Library/Developer/Xcode/DerivedData/TermSnap-fhshqvlxjqvajwbzyeblkhuqtrgn/Build/Products/Debug/TermSnapUITests-Runner.app/Contents/PlugIns/TermSnapUITests.xctest/Contents/Extensions --platform macosx --toolchain /Applications/Xcode.app/Contents/Developer/Toolchains/XcodeDefault.xctoolchain --destination /Users/lll/Library/Developer/Xcode/DerivedData/TermSnap-fhshqvlxjqvajwbzyeblkhuqtrgn/Build/Products/Debug/TermSnapUITests-Runner.app/Contents/PlugIns/TermSnapUITests.xctest/Contents/Frameworks --strip-bitcode --scan-executable /Applications/Xcode.app/Contents/Developer/Platforms/MacOSX.platform/Developer/usr/lib/libXCTestSwiftSupport.dylib --strip-bitcode-tool /Applications/Xcode.app/Contents/Developer/Toolchains/XcodeDefault.xctoolchain/usr/bin/bitcode_strip --emit-dependency-info /Users/lll/Library/Developer/Xcode/DerivedData/TermSnap-fhshqvlxjqvajwbzyeblkhuqtrgn/Build/Intermediates.noindex/TermSnap.build/Debug/TermSnapUITests.build/SwiftStdLibToolInputDependencies.dep --filter-for-swift-os --back-deploy-swift-span

2026-05-10 16:58:43.019 xcodebuild[42683:2747226] [MT] IDETestOperationsObserverDebug: 7.120 elapsed -- Testing started completed.
2026-05-10 16:58:43.019 xcodebuild[42683:2747226] [MT] IDETestOperationsObserverDebug: 0.000 sec, +0.000 sec -- start
2026-05-10 16:58:43.019 xcodebuild[42683:2747226] [MT] IDETestOperationsObserverDebug: 7.120 sec, +7.120 sec -- end

Test session results, code coverage, and logs:
	/Users/lll/Library/Developer/Xcode/DerivedData/TermSnap-fhshqvlxjqvajwbzyeblkhuqtrgn/Logs/Test/Test-TermSnap-2026.05.10_16-58-32-+0800.xcresult

** TEST FAILED **

Testing started
Test suite 'StitchingEngineTests' started on 'My Mac - TermSnap (42709)'
Test case 'StitchingEngineTests.testStitchingPipelineWithPatterns()' failed on 'My Mac - TermSnap (42709)' (0.066 seconds)
